Component: ARM Compiler 5.06 update 1 (build 61) Tool: armlink [4d35a8]

==============================================================================

Section Cross References

    bsp.o(.text) refers to bsp_int.o(.text) for BSP_IntInit
    bsp.o(.text) refers to stm32f4xx_rcc.o(.text) for RCC_DeInit
    bsp.o(.text) refers to stm32f4xx_flash.o(.text) for FLASH_SetLatency
    bsp.o(.text) refers to bsp_periph.o(.text) for BSP_PeriphEn
    bsp.o(.text) refers to stm32f4xx_gpio.o(.text) for GPIO_Init
    bsp.o(.text) refers to os_cpu_c.o(.text) for OS_CPU_SysTickInit
    bsp.o(.text) refers to cpu_core.o(.text) for CPU_TS_TmrFreqSet
    bsp.o(.text) refers to uldiv.o(.text) for __aeabi_uldivmod
    bsp.o(.text) refers to os_cfg_app_1.o(.constdata) for OSCfg_TickRate_Hz
    bsp_int.o(.text) refers to cpu_c.o(.text) for CPU_IntSrcDis
    bsp_int.o(.text) refers to cpu_a.o(.text) for CPU_IntDis
    bsp_int.o(.text) refers to os_core_1.o(.text) for OSIntEnter
    bsp_int.o(.text) refers to bsp_int.o(.bss) for .bss
    bsp_periph.o(.text) refers to bsp.o(.text) for BSP_CPU_ClkFreq
    cstartup.o(RESET) refers to cstartup.o(STACK) for __initial_sp
    cstartup.o(RESET) refers to cstartup.o(.text) for Reset_Handler
    cstartup.o(RESET) refers to os_cpu_a.o(CODE) for OS_CPU_PendSVHandler
    cstartup.o(RESET) refers to os_cpu_c.o(.text) for OS_CPU_SysTickHandler
    cstartup.o(RESET) refers to bsp_int.o(.text) for BSP_IntHandlerWWDG
    cstartup.o(.text) refers to entry.o(.ARM.Collect$$$$00000000) for __main
    bsp_os.o(.text) refers to os_sem_1.o(.text) for OSSemCreate
    bsp_os.o(.text) refers to os_time_1.o(.text) for OSTimeDlyHMSM
    bsp_os.o(.text) refers to os_cfg_app_1.o(.constdata) for OSCfg_TickRate_Hz
    cpu_c.o(.text) refers to cpu_a.o(.text) for CPU_SR_Save
    cpu_core.o(.text) refers to cpu_a.o(.text) for CPU_SR_Save
    cpu_core.o(.text) refers to lib_mem.o(.text) for Mem_Clr
    cpu_core.o(.text) refers to bsp.o(.text) for CPU_TS_TmrInit
    cpu_core.o(.text) refers to lib_str.o(.text) for Str_Copy_N
    cpu_core.o(.text) refers to cpu_core.o(.bss) for .bss
    cpu_core.o(.text) refers to cpu_core.o(.data) for .data
    cpu_core.o(.text) refers to cpu_core.o(.constdata) for .constdata
    lib_math.o(.text) refers to cpu_a.o(.text) for CPU_SR_Save
    lib_math.o(.text) refers to lib_math.o(.data) for .data
    lib_mem.o(.text) refers to lib_mem_a.o(.text) for Mem_Copy
    lib_mem.o(.text) refers to cpu_core.o(.text) for CPU_SW_Exception
    lib_mem.o(.text) refers to cpu_a.o(.text) for CPU_SR_Save
    lib_mem.o(.text) refers to lib_mem.o(.bss) for .bss
    lib_mem.o(.text) refers to lib_mem.o(.data) for .data
    lib_str.o(.text) refers to lib_ascii.o(.text) for ASCII_ToLower
    lib_str.o(.text) refers to lib_str.o(.constdata) for .constdata
    os_cfg_app_1.o(.constdata) refers to os_cfg_app_1.o(.bss) for OSCfg_IdleTaskStk
    os_cfg_app_1.o(.constdata) refers to os_cfg_app_1.o(.bss) for OSCfg_ISRStk
    os_cfg_app_1.o(.constdata) refers to os_cfg_app_1.o(.bss) for OSCfg_MsgPool
    os_cfg_app_1.o(.constdata) refers to os_cfg_app_1.o(.bss) for OSCfg_StatTaskStk
    os_cfg_app_1.o(.constdata) refers to os_cfg_app_1.o(.bss) for OSCfg_TickTaskStk
    os_cfg_app_1.o(.constdata) refers to os_cfg_app_1.o(.bss) for OSCfg_TmrTaskStk
    os_core_1.o(.text) refers to cpu_a.o(.text) for CPU_SR_Save
    os_core_1.o(.text) refers to os_cpu_c.o(.text) for OSIdleTaskHook
    os_core_1.o(.text) refers to os_task_1.o(.text) for OSTaskCreate
    os_core_1.o(.text) refers to os_prio_1.o(.text) for OS_PrioInit
    os_core_1.o(.text) refers to os_flag_1.o(.text) for OS_FlagInit
    os_core_1.o(.text) refers to os_mem_1.o(.text) for OS_MemInit
    os_core_1.o(.text) refers to os_msg_1.o(.text) for OS_MsgPoolInit
    os_core_1.o(.text) refers to os_mutex_1.o(.text) for OS_MutexInit
    os_core_1.o(.text) refers to os_q_1.o(.text) for OS_QInit
    os_core_1.o(.text) refers to os_sem_1.o(.text) for OS_SemInit
    os_core_1.o(.text) refers to os_tick_1.o(.text) for OS_TickTaskInit
    os_core_1.o(.text) refers to os_stat_1.o(.text) for OS_StatTaskInit
    os_core_1.o(.text) refers to os_tmr_1.o(.text) for OS_TmrInit
    os_core_1.o(.text) refers to os_dbg_1.o(.text) for OS_Dbg_Init
    os_core_1.o(.text) refers to os_cfg_app_1.o(.text) for OSCfg_Init
    os_core_1.o(.text) refers to os_cpu_a.o(CODE) for OSIntCtxSw
    os_core_1.o(.text) refers to os_var_1.o(.data) for OSIdleTaskCtr
    os_core_1.o(.text) refers to os_var_1.o(.data) for OSStatTaskCtr
    os_core_1.o(.text) refers to os_cfg_app_1.o(.constdata) for OSCfg_IdleTaskStkSize
    os_core_1.o(.text) refers to os_cfg_app_1.o(.constdata) for OSCfg_IdleTaskStkLimit
    os_core_1.o(.text) refers to os_cfg_app_1.o(.constdata) for OSCfg_IdleTaskStkBasePtr
    os_core_1.o(.text) refers to os_var_1.o(.bss) for OSIdleTaskTCB
    os_core_1.o(.text) refers to os_var_1.o(.bss) for OSRdyList
    os_core_1.o(.text) refers to os_var_1.o(.data) for OSIntNestingCtr
[...]
    BSP_IntHandlerHASH_RNG                   0x080006a9   Thumb Code     6  bsp_int.o(.text)
    BSP_IntHandlerFPU                        0x080006af   Thumb Code     6  bsp_int.o(.text)
    BSP_PeriphClkFreqGet                     0x080006e9   Thumb Code   184  bsp_periph.o(.text)
    BSP_PeriphEn                             0x080007a1   Thumb Code   222  bsp_periph.o(.text)
    BSP_PeriphDis                            0x0800087f   Thumb Code   222  bsp_periph.o(.text)
    Reset_Handler                            0x08000961   Thumb Code     4  cstartup.o(.text)
    App_NMI_ISR                              0x08000965   Thumb Code     2  cstartup.o(.text)
    App_Fault_ISR                            0x08000967   Thumb Code     2  cstartup.o(.text)
    App_MemFault_ISR                         0x08000969   Thumb Code     2  cstartup.o(.text)
    App_BusFault_ISR                         0x0800096b   Thumb Code     2  cstartup.o(.text)
    App_UsageFault_ISR                       0x0800096d   Thumb Code     2  cstartup.o(.text)
    App_Spurious_ISR                         0x0800096f   Thumb Code     2  cstartup.o(.text)
    App_Reserved_ISR                         0x08000971   Thumb Code     2  cstartup.o(.text)
    CPU_IntDis                               0x08000979   Thumb Code     0  cpu_a.o(.text)
    CPU_IntEn                                0x0800097d   Thumb Code     0  cpu_a.o(.text)
    CPU_SR_Save                              0x08000981   Thumb Code     0  cpu_a.o(.text)
    CPU_SR_Restore                           0x08000989   Thumb Code     0  cpu_a.o(.text)
    CPU_WaitForInt                           0x0800098f   Thumb Code     0  cpu_a.o(.text)
    CPU_WaitForExcept                        0x08000993   Thumb Code     0  cpu_a.o(.text)
    CPU_CntLeadZeros                         0x08000997   Thumb Code     0  cpu_a.o(.text)
    CPU_CntTrailZeros                        0x0800099d   Thumb Code     0  cpu_a.o(.text)
    CPU_RevBits                              0x080009a7   Thumb Code     0  cpu_a.o(.text)
    CPU_BitBandClr                           0x080009ad   Thumb Code    44  cpu_c.o(.text)
    CPU_BitBandSet                           0x080009d9   Thumb Code    44  cpu_c.o(.text)
    CPU_IntSrcDis                            0x08000a05   Thumb Code   146  cpu_c.o(.text)
    CPU_IntSrcEn                             0x08000a97   Thumb Code   146  cpu_c.o(.text)
    CPU_IntSrcPendClr                        0x08000b29   Thumb Code    72  cpu_c.o(.text)
    CPU_IntSrcPrioSet                        0x08000b71   Thumb Code   244  cpu_c.o(.text)
    CPU_IntSrcPrioGet                        0x08000c65   Thumb Code   212  cpu_c.o(.text)
    CPU_NameClr                              0x08000d41   Thumb Code    26  cpu_core.o(.text)
    CPU_Init                                 0x08000d5b   Thumb Code    18  cpu_core.o(.text)
    CPU_SW_Exception                         0x08000d6d   Thumb Code     2  cpu_core.o(.text)
    CPU_NameGet                              0x08000d6f   Thumb Code    46  cpu_core.o(.text)
    CPU_NameSet                              0x08000d9d   Thumb Code    62  cpu_core.o(.text)
    CPU_TS_Get32                             0x08000ddb   Thumb Code     4  cpu_core.o(.text)
    CPU_TS_Update                            0x08000ddf   Thumb Code     2  cpu_core.o(.text)
    CPU_TS_TmrFreqGet                        0x08000de1   Thumb Code    24  cpu_core.o(.text)
    CPU_TS_TmrFreqSet                        0x08000df9   Thumb Code     6  cpu_core.o(.text)
    CPU_CntLeadZeros08                       0x08000dff   Thumb Code    10  cpu_core.o(.text)
    CPU_CntLeadZeros16                       0x08000e09   Thumb Code    10  cpu_core.o(.text)
    CPU_CntLeadZeros32                       0x08000e13   Thumb Code     4  cpu_core.o(.text)
    CPU_CntLeadZeros64                       0x08000e17   Thumb Code   152  cpu_core.o(.text)
    CPU_CntTrailZeros08                      0x08000eaf   Thumb Code    10  cpu_core.o(.text)
    CPU_CntTrailZeros16                      0x08000eb9   Thumb Code    10  cpu_core.o(.text)
    CPU_CntTrailZeros32                      0x08000ec3   Thumb Code    10  cpu_core.o(.text)
    CPU_CntTrailZeros64                      0x08000ecd   Thumb Code    36  cpu_core.o(.text)
    ASCII_IsAlpha                            0x08000efd   Thumb Code    22  lib_ascii.o(.text)
    ASCII_IsAlphaNum                         0x08000f13   Thumb Code    28  lib_ascii.o(.text)
    ASCII_IsLower                            0x08000f2f   Thumb Code    14  lib_ascii.o(.text)
    ASCII_IsUpper                            0x08000f3d   Thumb Code    14  lib_ascii.o(.text)
    ASCII_IsDig                              0x08000f4b   Thumb Code    14  lib_ascii.o(.text)
    ASCII_IsDigOct                           0x08000f59   Thumb Code    14  lib_ascii.o(.text)
    ASCII_IsDigHex                           0x08000f67   Thumb Code    28  lib_ascii.o(.text)
    ASCII_IsBlank                            0x08000f83   Thumb Code    16  lib_ascii.o(.text)
    ASCII_IsSpace                            0x08000f93   Thumb Code    32  lib_ascii.o(.text)
    ASCII_IsPrint                            0x08000fb3   Thumb Code    14  lib_ascii.o(.text)
    ASCII_IsGraph                            0x08000fc1   Thumb Code    14  lib_ascii.o(.text)
    ASCII_IsPunct                            0x08000fcf   Thumb Code    58  lib_ascii.o(.text)
    ASCII_IsCtrl                             0x08001009   Thumb Code    22  lib_ascii.o(.text)
    ASCII_ToLower                            0x0800101f   Thumb Code    14  lib_ascii.o(.text)
    ASCII_ToUpper                            0x0800102d   Thumb Code    14  lib_ascii.o(.text)
    ASCII_Cmp                                0x0800103b   Thumb Code    28  lib_ascii.o(.text)
    Math_RandSetSeed                         0x08001059   Thumb Code    20  lib_math.o(.text)
    Math_Init                                0x0800106d   Thumb Code     4  lib_math.o(.text)
    Math_RandSeed                            0x08001071   Thumb Code    16  lib_math.o(.text)
    Math_Rand                                0x08001081   Thumb Code    30  lib_math.o(.text)
    Mem_Init                                 0x080010a9   Thumb Code    54  lib_mem.o(.text)
    Mem_Set                                  0x080010df   Thumb Code    70  lib_mem.o(.text)
    Mem_Clr                                  0x08001125   Thumb Code     6  lib_mem.o(.text)
    Mem_Move                                 0x0800112b   Thumb Code   128  lib_mem.o(.text)
    Mem_Cmp                                  0x080011ab   Thumb Code   126  lib_mem.o(.text)
    Mem_HeapAlloc                            0x080012c9   Thumb Code   164  lib_mem.o(.text)
    Mem_SegGetSizeRem                        0x0800136d   Thumb Code   114  lib_mem.o(.text)
    Mem_HeapGetSizeRem                       0x080013df   Thumb Code     8  lib_mem.o(.text)
    Mem_PoolClr                              0x080013e7   Thumb Code    68  lib_mem.o(.text)
    Mem_PoolCreate                           0x0800142b   Thumb Code   722  lib_mem.o(.text)
    Mem_PoolBlkGetNbrAvail                   0x080016fd   Thumb Code    64  lib_mem.o(.text)
    Mem_PoolBlkGet                           0x0800173d   Thumb Code   126  lib_mem.o(.text)
    Mem_PoolBlkGetUsedAtIx                   0x080017bb   Thumb Code   102  lib_mem.o(.text)
    Mem_PoolBlkFree                          0x08001867   Thumb Code   206  lib_mem.o(.text)
    Mem_PoolBlkIxGet                         0x08001935   Thumb Code   186  lib_mem.o(.text)
    Mem_Copy                                 0x080019f5   Thumb Code     0  lib_mem_a.o(.text)
    Str_Len_N                                0x08001c15   Thumb Code    22  lib_str.o(.text)
    Str_Len                                  0x08001c2b   Thumb Code     6  lib_str.o(.text)
    Str_Copy_N                               0x08001c31   Thumb Code    48  lib_str.o(.text)
    Str_Copy                                 0x08001c61   Thumb Code     6  lib_str.o(.text)
    Str_Cat_N                                0x08001c67   Thumb Code    58  lib_str.o(.text)
    Str_Cat                                  0x08001ca1   Thumb Code     6  lib_str.o(.text)
    Str_Cmp_N                                0x08001ca7   Thumb Code    86  lib_str.o(.text)
    Str_Cmp                                  0x08001cfd   Thumb Code     6  lib_str.o(.text)
    Str_CmpIgnoreCase_N                      0x08001d03   Thumb Code   146  lib_str.o(.text)
    Str_CmpIgnoreCase                        0x08001d95   Thumb Code     6  lib_str.o(.text)
    Str_Char_N                               0x08001d9b   Thumb Code    46  lib_str.o(.text)
    Str_Char                                 0x08001dc9   Thumb Code     8  lib_str.o(.text)
    Str_Char_Last_N                          0x08001dd1   Thumb Code    44  lib_str.o(.text)
    Str_Char_Last                            0x08001dfd   Thumb Code     8  lib_str.o(.text)
    Str_Char_Replace_N                       0x08001e05   Thumb Code    40  lib_str.o(.text)
    Str_Char_Replace                         0x08001e2d   Thumb Code     6  lib_str.o(.text)
    Str_Str_N                                0x08001e33   Thumb Code   120  lib_str.o(.text)
    Str_Str                                  0x08001eab   Thumb Code     6  lib_str.o(.text)
    Str_FmtNbr_Int32U                        0x08002007   Thumb Code    24  lib_str.o(.text)
    Str_FmtNbr_Int32S                        0x0800201f   Thumb Code    40  lib_str.o(.text)
    Str_ParseNbr_Int32U                      0x08002181   Thumb Code    12  lib_str.o(.text)
    Str_ParseNbr_Int32S                      0x0800218d   Thumb Code    42  lib_str.o(.text)
    OSCfg_Init                               0x080021bd   Thumb Code     2  os_cfg_app_1.o(.text)
    OS_IdleTask                              0x080021c1   Thumb Code    30  os_core_1.o(.text)
    OS_IdleTaskInit                          0x080021df   Thumb Code    62  os_core_1.o(.text)
    OS_RdyListInit                           0x0800221d   Thumb Code    30  os_core_1.o(.text)
    OSInit                                   0x0800223b   Thumb Code   248  os_core_1.o(.text)
    OSIntEnter                               0x08002333   Thumb Code    22  os_core_1.o(.text)
    OSIntExit                                0x08002349   Thumb Code   100  os_core_1.o(.text)
    OSSched                                  0x080023ad   Thumb Code    86  os_core_1.o(.text)
    OSSchedLock                              0x08002403   Thumb Code    64  os_core_1.o(.text)
    OSSchedUnlock                            0x08002443   Thumb Code    82  os_core_1.o(.text)
    OSStart                                  0x08002495   Thumb Code    62  os_core_1.o(.text)
    OSVersion                                0x080024d3   Thumb Code    10  os_core_1.o(.text)
    OS_PendDbgNameAdd                        0x080024dd   Thumb Code    46  os_core_1.o(.text)
    OS_PendListInsertPrio                    0x0800250b   Thumb Code    90  os_core_1.o(.text)
    OS_PendDataInit                          0x08002565   Thumb Code    48  os_core_1.o(.text)
    OS_RdyListRemove                         0x08002595   Thumb Code   232  os_core_1.o(.text)
    OS_TaskBlock                             0x0800267d   Thumb Code    42  os_core_1.o(.text)
    OS_Pend                                  0x080026a7   Thumb Code    72  os_core_1.o(.text)
    OS_PendListRemove1                       0x080026ef   Thumb Code    54  os_core_1.o(.text)
    OS_PendListRemove                        0x08002725   Thumb Code    38  os_core_1.o(.text)
    OS_PendAbort1                            0x0800274b   Thumb Code    32  os_core_1.o(.text)
    OS_RdyListInsertHead                     0x0800276b   Thumb Code    52  os_core_1.o(.text)
    OS_RdyListInsertTail                     0x0800279f   Thumb Code    48  os_core_1.o(.text)
    OS_RdyListInsert                         0x080027cf   Thumb Code    38  os_core_1.o(.text)
    OS_TaskRdy                               0x080027f5   Thumb Code    26  os_core_1.o(.text)
    OS_PendAbort                             0x0800280f   Thumb Code   136  os_core_1.o(.text)
    OS_PendDbgNameRemove                     0x08002897   Thumb Code    22  os_core_1.o(.text)
    OS_PendListChangePrio                    0x080028ad   Thumb Code    50  os_core_1.o(.text)
    OS_PendListInit                          0x080028df   Thumb Code    10  os_core_1.o(.text)
    OS_PendListInsertHead                    0x080028e9   Thumb Code    32  os_core_1.o(.text)
    OS_PendObjDel1                           0x08002909   Thumb Code    32  os_core_1.o(.text)
    OS_PendObjDel                            0x08002929   Thumb Code   126  os_core_1.o(.text)
    OS_Post1                                 0x080029a7   Thumb Code    38  os_core_1.o(.text)
    OS_Post                                  0x080029cd   Thumb Code   152  os_core_1.o(.text)
    OS_RdyListMoveHeadToTail                 0x08002a65   Thumb Code    68  os_core_1.o(.text)
    OS_Dbg_Init                              0x08002aa9   Thumb Code     2  os_dbg_1.o(.text)
    OS_FlagDbgListAdd                        0x08002aad   Thumb Code    26  os_flag_1.o(.text)
    OSFlagCreate                             0x08002ac7   Thumb Code    86  os_flag_1.o(.text)
    OS_FlagClr                               0x08002b1d   Thumb Code    16  os_flag_1.o(.text)
    OS_FlagDbgListRemove                     0x08002b2d   Thumb Code    36  os_flag_1.o(.text)
    OSFlagDel                                0x08002b51   Thumb Code   224  os_flag_1.o(.text)
    OS_FlagBlock                             0x08002c31   Thumb Code    28  os_flag_1.o(.text)
    OSFlagPend                               0x08002c4d   Thumb Code   536  os_flag_1.o(.text)
    OSFlagPendAbort                          0x08002e65   Thumb Code   210  os_flag_1.o(.text)
    OSFlagPendGetFlagsRdy                    0x08002f37   Thumb Code    44  os_flag_1.o(.text)
    OS_FlagTaskRdy                           0x08002f63   Thumb Code    68  os_flag_1.o(.text)
    OS_FlagPost                              0x08002fa7   Thumb Code   240  os_flag_1.o(.text)
    OSFlagPost                               0x08003097   Thumb Code    82  os_flag_1.o(.text)
    OS_FlagInit                              0x080030e9   Thumb Code    14  os_flag_1.o(.text)
    OS_MemDbgListAdd                         0x0800310d   Thumb Code    22  os_mem_1.o(.text)
    OSMemCreate                              0x08003123   Thumb Code   158  os_mem_1.o(.text)
    OSMemGet                                 0x080031c1   Thumb Code    60  os_mem_1.o(.text)
    OSMemPut                                 0x080031fd   Thumb Code    70  os_mem_1.o(.text)
    OS_MemInit                               0x08003243   Thumb Code    14  os_mem_1.o(.text)
    OS_MsgPoolInit                           0x08003261   Thumb Code    94  os_msg_1.o(.text)
    OS_MsgQFreeAll                           0x080032bf   Thumb Code    48  os_msg_1.o(.text)
    OS_MsgQInit                              0x080032ef   Thumb Code    14  os_msg_1.o(.text)
    OS_MsgQGet                               0x080032fd   Thumb Code    82  os_msg_1.o(.text)
    OS_MsgQPut                               0x0800334f   Thumb Code   132  os_msg_1.o(.text)
    OS_MutexDbgListAdd                       0x080033e1   Thumb Code    26  os_mutex_1.o(.text)
    OSMutexCreate                            0x080033fb   Thumb Code    94  os_mutex_1.o(.text)
    OS_MutexClr                              0x08003459   Thumb Code    24  os_mutex_1.o(.text)
    OS_MutexDbgListRemove                    0x08003471   Thumb Code    36  os_mutex_1.o(.text)
    OSMutexDel                               0x08003495   Thumb Code   304  os_mutex_1.o(.text)
    OSMutexPend                              0x080035c5   Thumb Code   398  os_mutex_1.o(.text)
    OSMutexPendAbort                         0x08003753   Thumb Code   210  os_mutex_1.o(.text)
    OSMutexPost                              0x08003825   Thumb Code   274  os_mutex_1.o(.text)
    OS_MutexInit                             0x08003937   Thumb Code    14  os_mutex_1.o(.text)
    OS_PrioInit                              0x0800395d   Thumb Code    18  os_prio_1.o(.text)
    OS_PrioGetHighest                        0x0800396f   Thumb Code    32  os_prio_1.o(.text)
    OS_PrioInsert                            0x0800398f   Thumb Code    28  os_prio_1.o(.text)
    OS_PrioRemove                            0x080039ab   Thumb Code    28  os_prio_1.o(.text)
    OS_QDbgListAdd                           0x080039cd   Thumb Code    26  os_q_1.o(.text)
    OSQCreate                                0x080039e7   Thumb Code   100  os_q_1.o(.text)
    OS_QClr                                  0x08003a4b   Thumb Code    40  os_q_1.o(.text)
    OS_QDbgListRemove                        0x08003a73   Thumb Code    36  os_q_1.o(.text)
    OSQDel                                   0x08003a97   Thumb Code   224  os_q_1.o(.text)
    OSQFlush                                 0x08003b77   Thumb Code    76  os_q_1.o(.text)
    OSQPend                                  0x08003bc3   Thumb Code   318  os_q_1.o(.text)
    OSQPendAbort                             0x08003d01   Thumb Code   208  os_q_1.o(.text)
    OS_QPost                                 0x08003dd1   Thumb Code   128  os_q_1.o(.text)
    OSQPost                                  0x08003e51   Thumb Code   116  os_q_1.o(.text)
    OS_QInit                                 0x08003ec5   Thumb Code    14  os_q_1.o(.text)
    OS_SemDbgListAdd                         0x08003ee1   Thumb Code    26  os_sem_1.o(.text)
    OSSemCreate                              0x08003efb   Thumb Code    86  os_sem_1.o(.text)
    OS_SemClr                                0x08003f51   Thumb Code    22  os_sem_1.o(.text)
    OS_SemDbgListRemove                      0x08003f67   Thumb Code    36  os_sem_1.o(.text)
    OSSemDel                                 0x08003f8b   Thumb Code   224  os_sem_1.o(.text)
    OSSemPend                                0x0800406b   Thumb Code   292  os_sem_1.o(.text)
    OSSemPendAbort                           0x0800418f   Thumb Code   170  os_sem_1.o(.text)
    OS_SemPost                               0x08004239   Thumb Code   172  os_sem_1.o(.text)
    OSSemPost                                0x080042e5   Thumb Code    78  os_sem_1.o(.text)
    OSSemSet                                 0x08004333   Thumb Code    78  os_sem_1.o(.text)
    OS_SemInit                               0x08004381   Thumb Code    14  os_sem_1.o(.text)
    OSStatReset                              0x080043a1   Thumb Code   134  os_stat_1.o(.text)
    OSStatTaskCPUUsageInit                   0x08004427   Thumb Code   126  os_stat_1.o(.text)
    OS_StatTask                              0x080044a5   Thumb Code   444  os_stat_1.o(.text)
    OS_StatTaskInit                          0x08004661   Thumb Code   120  os_stat_1.o(.text)
    OSTaskChangePrio                         0x08004755   Thumb Code   176  os_task_1.o(.text)
    OS_TaskDbgListAdd                        0x08004805   Thumb Code    30  os_task_1.o(.text)
    OS_TaskInitTCB                           0x08004823   Thumb Code   180  os_task_1.o(.text)
    OSTaskCreate                             0x080048d7   Thumb Code   318  os_task_1.o(.text)
    OS_TaskDbgListRemove                     0x08004a15   Thumb Code    50  os_task_1.o(.text)
    OSTaskDel                                0x08004a47   Thumb Code   192  os_task_1.o(.text)
    OSTaskQFlush                             0x08004b07   Thumb Code   106  os_task_1.o(.text)
    OSTaskQPend                              0x08004b71   Thumb Code   308  os_task_1.o(.text)
    OSTaskQPendAbort                         0x08004ca5   Thumb Code   126  os_task_1.o(.text)
    OS_TaskQPost                             0x08004d23   Thumb Code   138  os_task_1.o(.text)
    OSTaskQPost                              0x08004dad   Thumb Code    66  os_task_1.o(.text)
    OSTaskRegGet                             0x08004def   Thumb Code    42  os_task_1.o(.text)
    OSTaskRegGetID                           0x08004e19   Thumb Code    42  os_task_1.o(.text)
    OSTaskRegSet                             0x08004e43   Thumb Code    40  os_task_1.o(.text)
    OS_TaskResume                            0x08004e6b   Thumb Code   168  os_task_1.o(.text)
    OSTaskResume                             0x08004f13   Thumb Code    60  os_task_1.o(.text)
    OSTaskSemPend                            0x08004f4f   Thumb Code   294  os_task_1.o(.text)
    OSTaskSemPendAbort                       0x08005075   Thumb Code   130  os_task_1.o(.text)
    OS_TaskSemPost                           0x080050f7   Thumb Code   148  os_task_1.o(.text)
    OSTaskSemPost                            0x0800518b   Thumb Code    44  os_task_1.o(.text)
    OSTaskSemSet                             0x080051b7   Thumb Code    52  os_task_1.o(.text)
    OSTaskStkChk                             0x080051eb   Thumb Code   136  os_task_1.o(.text)
    OS_TaskSuspend                           0x08005273   Thumb Code   144  os_task_1.o(.text)
    OSTaskSuspend                            0x08005303   Thumb Code    28  os_task_1.o(.text)
    OS_TaskInit                              0x0800531f   Thumb Code    18  os_task_1.o(.text)
    OS_TaskReturn                            0x08005331   Thumb Code    20  os_task_1.o(.text)
    OS_TickListRemove                        0x08005361   Thumb Code    54  os_tick_1.o(.text)
    OS_TickListUpdate                        0x08005397   Thumb Code   260  os_tick_1.o(.text)
    OS_TickTask                              0x0800549b   Thumb Code    36  os_tick_1.o(.text)
    OS_TickListInit                          0x080054bf   Thumb Code    34  os_tick_1.o(.text)
    OS_TickTaskInit                          0x080054e1   Thumb Code   114  os_tick_1.o(.text)
    OS_TickListInsert                        0x08005553   Thumb Code   202  os_tick_1.o(.text)
    OS_TickListResetPeak                     0x0800561d   Thumb Code    30  os_tick_1.o(.text)
    OSTimeDly                                0x0800567d   Thumb Code   128  os_time_1.o(.text)
    OSTimeDlyHMSM                            0x080056fd   Thumb Code   266  os_time_1.o(.text)
    OSTimeDlyResume                          0x08005807   Thumb Code   152  os_time_1.o(.text)
    OSTimeGet                                0x0800589f   Thumb Code    24  os_time_1.o(.text)
    OSTimeSet                                0x080058b7   Thumb Code    24  os_time_1.o(.text)
    OSTimeTick                               0x080058cf   Thumb Code    44  os_time_1.o(.text)
    OS_TmrDbgListAdd                         0x08005921   Thumb Code    22  os_tmr_1.o(.text)
    OSTmrCreate                              0x08005937   Thumb Code   144  os_tmr_1.o(.text)
    OS_TmrClr                                0x080059c7   Thumb Code    34  os_tmr_1.o(.text)
    OS_TmrUnlink                             0x080059e9   Thumb Code    68  os_tmr_1.o(.text)
    OS_TmrDbgListRemove                      0x08005a2d   Thumb Code    36  os_tmr_1.o(.text)
    OSTmrDel                                 0x08005a51   Thumb Code   134  os_tmr_1.o(.text)
    OSTmrRemainGet                           0x08005ad7   Thumb Code   144  os_tmr_1.o(.text)
    OS_TmrLink                               0x08005b67   Thumb Code   140  os_tmr_1.o(.text)
    OSTmrStart                               0x08005bf3   Thumb Code   122  os_tmr_1.o(.text)
    OSTmrStateGet                            0x08005c6d   Thumb Code    86  os_tmr_1.o(.text)
    OSTmrStop                                0x08005cc3   Thumb Code   222  os_tmr_1.o(.text)
    OS_TmrTask                               0x08005da1   Thumb Code   164  os_tmr_1.o(.text)
    OS_TmrInit                               0x08005e45   Thumb Code   174  os_tmr_1.o(.text)
    OS_TmrResetPeak                          0x08005ef3   Thumb Code    30  os_tmr_1.o(.text)
    OSIdleTaskHook                           0x08005f65   Thumb Code    12  os_cpu_c.o(.text)
    OSInitHook                               0x08005f71   Thumb Code    22  os_cpu_c.o(.text)
    OSStatTaskHook                           0x08005f87   Thumb Code    12  os_cpu_c.o(.text)
    OSTaskCreateHook                         0x08005f93   Thumb Code    12  os_cpu_c.o(.text)
    OSTaskDelHook                            0x08005f9f   Thumb Code    12  os_cpu_c.o(.text)
    OSTaskReturnHook                         0x08005fab   Thumb Code    12  os_cpu_c.o(.text)
    OSTaskStkInit                            0x08005fb7   Thumb Code    96  os_cpu_c.o(.text)
    OSTaskSwHook                             0x08006017   Thumb Code    48  os_cpu_c.o(.text)
    OSTimeTickHook                           0x08006047   Thumb Code    12  os_cpu_c.o(.text)
    OS_CPU_SysTickHandler                    0x08006053   Thumb Code    30  os_cpu_c.o(.text)
    OS_CPU_SysTickInit                       0x08006071   Thumb Code    36  os_cpu_c.o(.text)
    Serial_Init                              0x080060d1   Thumb Code    84  serial.o(.text)
    Serial_DevDrvAdd                         0x08006125   Thumb Code   392  serial.o(.text)
    Serial_SetLineDrv                        0x080062e1   Thumb Code   130  serial.o(.text)
    Serial_Open                              0x08006363   Thumb Code   216  serial.o(.text)
    Serial_Close                             0x0800643b   Thumb Code   310  serial.o(.text)
    Serial_Rd                                0x0800670b   Thumb Code   124  serial.o(.text)
    Serial_RdAsync                           0x08006787   Thumb Code    44  serial.o(.text)
    Serial_WaitFor                           0x080067b3   Thumb Code   322  serial.o(.text)
    Serial_Wr                                0x08006a91   Thumb Code   174  serial.o(.text)
    Serial_WrAsync                           0x08006b3f   Thumb Code   100  serial.o(.text)
    SerialIF_GetDevPtr                       0x08006ba3   Thumb Code    36  serial.o(.text)
    SerialIF_Rx                              0x08006bc7   Thumb Code   322  serial.o(.text)
    SerialIF_Tx                              0x08006d09   Thumb Code   194  serial.o(.text)
    SerialIF_TxWrBuf                         0x08006dcb   Thumb Code    62  serial.o(.text)
    SerialBuf_Init                           0x0800716d   Thumb Code    20  serial_buf.o(.text)
    SerialBuf_Clr                            0x08007181   Thumb Code    10  serial_buf.o(.text)
    SerialBuf_Rd                             0x0800718b   Thumb Code   128  serial_buf.o(.text)
    SerialBuf_RdOctet                        0x0800720b   Thumb Code    60  serial_buf.o(.text)
    SerialBuf_WrOctet                        0x08007247   Thumb Code    56  serial_buf.o(.text)
    SerialBuf_IsFull                         0x0800727f   Thumb Code    12  serial_buf.o(.text)
    SerialBuf_Cmp                            0x0800728b   Thumb Code    68  serial_buf.o(.text)
    SerialBuf_IsEmpty                        0x080072cf   Thumb Code    14  serial_buf.o(.text)
    SerialBuf_Size                           0x080072dd   Thumb Code     4  serial_buf.o(.text)
    SerialBuf_DataLen                        0x080072e1   Thumb Code     8  serial_buf.o(.text)
    SerialLine_TTY_EchoRx                    0x0800750d   Thumb Code    32  serial_line_tty.o(.text)
    SerialLine_TTY_EchoTx                    0x0800752d   Thumb Code    32  serial_line_tty.o(.text)
    SerialOS_Init                            0x08007641   Thumb Code    54  serial_os.o(.text)
    SerialOS_SemCreate                       0x08007677   Thumb Code    66  serial_os.o(.text)
    SerialOS_SemDel                          0x080076b9   Thumb Code    36  serial_os.o(.text)
    SerialOS_SemWait                         0x080076dd   Thumb Code    64  serial_os.o(.text)
    SerialOS_SemTryLock                      0x0800771d   Thumb Code    32  serial_os.o(.text)
    SerialOS_SemSignal                       0x0800773d   Thumb Code    24  serial_os.o(.text)
    LED_Init                                 0x0800775d   Thumb Code    58  led.o(.text)
    mpu6050_init                             0x0800779d   Thumb Code   146  mpu6050.o(.text)
    I2C_Read                                 0x0800782f   Thumb Code   224  mpu6050.o(.text)
    I2C_Write                                0x0800790f   Thumb Code   152  mpu6050.o(.text)
    Read_MPU6050_Data                        0x080079a7   Thumb Code    70  mpu6050.o(.text)
    TIM14_PWM_Init                           0x08007a31   Thumb Code   152  pwm.o(.text)
    _sys_exit                                0x08007ad1   Thumb Code     2  usart.o(.text)
    fputc                                    0x08007ad3   Thumb Code    14  usart.o(.text)
    uart_init                                0x08007ae1   Thumb Code   172  usart.o(.text)
    USART1_IRQHandler                        0x08007b8d   Thumb Code    88  usart.o(.text)
    NVIC_PriorityGroupConfig                 0x08007bf5   Thumb Code    10  misc.o(.text)
    NVIC_Init                                0x08007bff   Thumb Code    96  misc.o(.text)
    NVIC_SetVectorTable                      0x08007c5f   Thumb Code    14  misc.o(.text)
    NVIC_SystemLPConfig                      0x08007c6d   Thumb Code    20  misc.o(.text)
    SysTick_CLKSourceConfig                  0x08007c81   Thumb Code    24  misc.o(.text)
    FLASH_SetLatency                         0x08007ca5   Thumb Code     6  stm32f4xx_flash.o(.text)
    FLASH_PrefetchBufferCmd                  0x08007cab   Thumb Code    22  stm32f4xx_flash.o(.text)
    FLASH_InstructionCacheCmd                0x08007cc1   Thumb Code    22  stm32f4xx_flash.o(.text)
    FLASH_DataCacheCmd                       0x08007cd7   Thumb Code    22  stm32f4xx_flash.o(.text)
    FLASH_InstructionCacheReset              0x08007ced   Thumb Code    12  stm32f4xx_flash.o(.text)
    FLASH_DataCacheReset                     0x08007cf9   Thumb Code    12  stm32f4xx_flash.o(.text)
    FLASH_Unlock                             0x08007d05   Thumb Code    24  stm32f4xx_flash.o(.text)
    FLASH_Lock                               0x08007d1d   Thumb Code    14  stm32f4xx_flash.o(.text)
    FLASH_GetStatus                          0x08007d2b   Thumb Code    48  stm32f4xx_flash.o(.text)
    FLASH_WaitForLastOperation               0x08007d5b   Thumb Code    30  stm32f4xx_flash.o(.text)
    FLASH_EraseSector                        0x08007d79   Thumb Code   106  stm32f4xx_flash.o(.text)
    FLASH_EraseAllSectors                    0x08007de3   Thumb Code    88  stm32f4xx_flash.o(.text)
    FLASH_ProgramDoubleWord                  0x08007e3b   Thumb Code    62  stm32f4xx_flash.o(.text)
    FLASH_ProgramWord                        0x08007e79   Thumb Code    58  stm32f4xx_flash.o(.text)
    FLASH_ProgramHalfWord                    0x08007eb3   Thumb Code    58  stm32f4xx_flash.o(.text)
    FLASH_ProgramByte                        0x08007eed   Thumb Code    54  stm32f4xx_flash.o(.text)
    FLASH_OB_Unlock                          0x08007f23   Thumb Code    24  stm32f4xx_flash.o(.text)
    FLASH_OB_Lock                            0x08007f3b   Thumb Code    14  stm32f4xx_flash.o(.text)
    FLASH_OB_WRPConfig                       0x08007f49   Thumb Code    32  stm32f4xx_flash.o(.text)
    FLASH_OB_RDPConfig                       0x08007f69   Thumb Code    20  stm32f4xx_flash.o(.text)
    FLASH_OB_UserConfig                      0x08007f7d   Thumb Code    36  stm32f4xx_flash.o(.text)
    FLASH_OB_BORConfig                       0x08007fa1   Thumb Code    20  stm32f4xx_flash.o(.text)
    FLASH_OB_Launch                          0x08007fb5   Thumb Code    14  stm32f4xx_flash.o(.text)
    FLASH_OB_GetUser                         0x08007fc3   Thumb Code    12  stm32f4xx_flash.o(.text)
    FLASH_OB_GetWRP                          0x08007fcf   Thumb Code     8  stm32f4xx_flash.o(.text)
    FLASH_OB_GetRDP                          0x08007fd7   Thumb Code    16  stm32f4xx_flash.o(.text)
    FLASH_OB_GetBOR                          0x08007fe7   Thumb Code    12  stm32f4xx_flash.o(.text)
    FLASH_ITConfig                           0x08007ff3   Thumb Code    20  stm32f4xx_flash.o(.text)
    FLASH_GetFlagStatus                      0x08008007   Thumb Code    18  stm32f4xx_flash.o(.text)
    FLASH_ClearFlag                          0x08008019   Thumb Code     8  stm32f4xx_flash.o(.text)
    GPIO_DeInit                              0x08008035   Thumb Code   192  stm32f4xx_gpio.o(.text)
    GPIO_Init                                0x080080f5   Thumb Code   120  stm32f4xx_gpio.o(.text)
    GPIO_StructInit                          0x0800816d   Thumb Code    18  stm32f4xx_gpio.o(.text)
    GPIO_PinLockConfig                       0x0800817f   Thumb Code    24  stm32f4xx_gpio.o(.text)
    GPIO_ReadInputDataBit                    0x08008197   Thumb Code    14  stm32f4xx_gpio.o(.text)
    GPIO_ReadInputData                       0x080081a5   Thumb Code     6  stm32f4xx_gpio.o(.text)
    GPIO_ReadOutputDataBit                   0x080081ab   Thumb Code    14  stm32f4xx_gpio.o(.text)
    GPIO_ReadOutputData                      0x080081b9   Thumb Code     6  stm32f4xx_gpio.o(.text)
    GPIO_SetBits                             0x080081bf   Thumb Code     4  stm32f4xx_gpio.o(.text)
    GPIO_ResetBits                           0x080081c3   Thumb Code     4  stm32f4xx_gpio.o(.text)
    GPIO_WriteBit                            0x080081c7   Thumb Code    10  stm32f4xx_gpio.o(.text)
    GPIO_Write                               0x080081d1   Thumb Code     4  stm32f4xx_gpio.o(.text)
    GPIO_ToggleBits                          0x080081d5   Thumb Code     8  stm32f4xx_gpio.o(.text)
    GPIO_PinAFConfig                         0x080081dd   Thumb Code    32  stm32f4xx_gpio.o(.text)
    I2C_DeInit                               0x08008221   Thumb Code    56  stm32f4xx_i2c.o(.text)
    I2C_Init                                 0x08008259   Thumb Code   174  stm32f4xx_i2c.o(.text)
    I2C_StructInit                           0x08008307   Thumb Code    28  stm32f4xx_i2c.o(.text)
    I2C_Cmd                                  0x08008323   Thumb Code    20  stm32f4xx_i2c.o(.text)
    I2C_GenerateSTART                        0x08008337   Thumb Code    20  stm32f4xx_i2c.o(.text)
    I2C_GenerateSTOP                         0x0800834b   Thumb Code    20  stm32f4xx_i2c.o(.text)
    I2C_Send7bitAddress                      0x0800835f   Thumb Code    16  stm32f4xx_i2c.o(.text)
    I2C_AcknowledgeConfig                    0x0800836f   Thumb Code    20  stm32f4xx_i2c.o(.text)
    I2C_OwnAddress2Config                    0x08008383   Thumb Code    16  stm32f4xx_i2c.o(.text)
    I2C_DualAddressCmd                       0x08008393   Thumb Code    20  stm32f4xx_i2c.o(.text)
    I2C_GeneralCallCmd                       0x080083a7   Thumb Code    20  stm32f4xx_i2c.o(.text)
    I2C_SoftwareResetCmd                     0x080083bb   Thumb Code    20  stm32f4xx_i2c.o(.text)
    I2C_StretchClockCmd                      0x080083cf   Thumb Code    20  stm32f4xx_i2c.o(.text)
    I2C_FastModeDutyCycleConfig              0x080083e3   Thumb Code    22  stm32f4xx_i2c.o(.text)
    I2C_NACKPositionConfig                   0x080083f9   Thumb Code    22  stm32f4xx_i2c.o(.text)
    I2C_SMBusAlertConfig                     0x0800840f   Thumb Code    22  stm32f4xx_i2c.o(.text)
    I2C_ARPCmd                               0x08008425   Thumb Code    20  stm32f4xx_i2c.o(.text)
    I2C_SendData                             0x08008439   Thumb Code     4  stm32f4xx_i2c.o(.text)
    I2C_ReceiveData                          0x0800843d   Thumb Code     6  stm32f4xx_i2c.o(.text)
    I2C_TransmitPEC                          0x08008443   Thumb Code    20  stm32f4xx_i2c.o(.text)
    I2C_PECPositionConfig                    0x08008457   Thumb Code    22  stm32f4xx_i2c.o(.text)
    I2C_CalculatePEC                         0x0800846d   Thumb Code    20  stm32f4xx_i2c.o(.text)
    I2C_GetPEC                               0x08008481   Thumb Code     6  stm32f4xx_i2c.o(.text)
    I2C_DMACmd                               0x08008487   Thumb Code    20  stm32f4xx_i2c.o(.text)
    I2C_DMALastTransferCmd                   0x0800849b   Thumb Code    20  stm32f4xx_i2c.o(.text)
    I2C_ReadRegister                         0x080084af   Thumb Code    10  stm32f4xx_i2c.o(.text)
    I2C_ITConfig                             0x080084b9   Thumb Code    16  stm32f4xx_i2c.o(.text)
    I2C_CheckEvent                           0x080084c9   Thumb Code    24  stm32f4xx_i2c.o(.text)
    I2C_GetLastEvent                         0x080084e1   Thumb Code    14  stm32f4xx_i2c.o(.text)
    I2C_GetFlagStatus                        0x080084ef   Thumb Code    42  stm32f4xx_i2c.o(.text)
    I2C_ClearFlag                            0x08008519   Thumb Code     6  stm32f4xx_i2c.o(.text)
    I2C_GetITStatus                          0x0800851f   Thumb Code    36  stm32f4xx_i2c.o(.text)
    I2C_ClearITPendingBit                    0x08008543   Thumb Code     6  stm32f4xx_i2c.o(.text)
    RCC_DeInit                               0x0800855d   Thumb Code    48  stm32f4xx_rcc.o(.text)
    RCC_HSEConfig                            0x0800858d   Thumb Code    12  stm32f4xx_rcc.o(.text)
    RCC_GetFlagStatus                        0x08008599   Thumb Code    46  stm32f4xx_rcc.o(.text)
    RCC_WaitForHSEStartUp                    0x080085c7   Thumb Code    44  stm32f4xx_rcc.o(.text)
    RCC_AdjustHSICalibrationValue            0x080085f3   Thumb Code    16  stm32f4xx_rcc.o(.text)
    RCC_HSICmd                               0x08008603   Thumb Code     6  stm32f4xx_rcc.o(.text)
    RCC_LSEConfig                            0x08008609   Thumb Code    24  stm32f4xx_rcc.o(.text)
    RCC_LSICmd                               0x08008621   Thumb Code     6  stm32f4xx_rcc.o(.text)
    RCC_PLLConfig                            0x08008627   Thumb Code    32  stm32f4xx_rcc.o(.text)
    RCC_PLLCmd                               0x08008647   Thumb Code     6  stm32f4xx_rcc.o(.text)
    RCC_PLLI2SConfig                         0x0800864d   Thumb Code    14  stm32f4xx_rcc.o(.text)
    RCC_PLLI2SCmd                            0x0800865b   Thumb Code     6  stm32f4xx_rcc.o(.text)
    RCC_ClockSecuritySystemCmd               0x08008661   Thumb Code     6  stm32f4xx_rcc.o(.text)
    RCC_MCO1Config                           0x08008667   Thumb Code    18  stm32f4xx_rcc.o(.text)
    RCC_MCO2Config                           0x08008679   Thumb Code    18  stm32f4xx_rcc.o(.text)
    RCC_SYSCLKConfig                         0x0800868b   Thumb Code    16  stm32f4xx_rcc.o(.text)
    RCC_GetSYSCLKSource                      0x0800869b   Thumb Code    12  stm32f4xx_rcc.o(.text)
    RCC_HCLKConfig                           0x080086a7   Thumb Code    16  stm32f4xx_rcc.o(.text)
    RCC_PCLK1Config                          0x080086b7   Thumb Code    16  stm32f4xx_rcc.o(.text)
    RCC_PCLK2Config                          0x080086c7   Thumb Code    18  stm32f4xx_rcc.o(.text)
    RCC_GetClocksFreq                        0x080086d9   Thumb Code   134  stm32f4xx_rcc.o(.text)
    RCC_RTCCLKConfig                         0x0800875f   Thumb Code    42  stm32f4xx_rcc.o(.text)
    RCC_RTCCLKCmd                            0x08008789   Thumb Code     8  stm32f4xx_rcc.o(.text)
    RCC_BackupResetCmd                       0x08008791   Thumb Code     8  stm32f4xx_rcc.o(.text)
    RCC_I2SCLKConfig                         0x08008799   Thumb Code     8  stm32f4xx_rcc.o(.text)
    RCC_AHB1PeriphClockCmd                   0x080087a1   Thumb Code    20  stm32f4xx_rcc.o(.text)
    RCC_AHB2PeriphClockCmd                   0x080087b5   Thumb Code    20  stm32f4xx_rcc.o(.text)
    RCC_AHB3PeriphClockCmd                   0x080087c9   Thumb Code    20  stm32f4xx_rcc.o(.text)
    RCC_APB1PeriphClockCmd                   0x080087dd   Thumb Code    20  stm32f4xx_rcc.o(.text)
    RCC_APB2PeriphClockCmd                   0x080087f1   Thumb Code    20  stm32f4xx_rcc.o(.text)
    RCC_AHB1PeriphResetCmd                   0x08008805   Thumb Code    20  stm32f4xx_rcc.o(.text)
    RCC_AHB2PeriphResetCmd                   0x08008819   Thumb Code    20  stm32f4xx_rcc.o(.text)
    RCC_AHB3PeriphResetCmd                   0x0800882d   Thumb Code    20  stm32f4xx_rcc.o(.text)
    RCC_APB1PeriphResetCmd                   0x08008841   Thumb Code    20  stm32f4xx_rcc.o(.text)
    RCC_APB2PeriphResetCmd                   0x08008855   Thumb Code    20  stm32f4xx_rcc.o(.text)
    RCC_AHB1PeriphClockLPModeCmd             0x08008869   Thumb Code    20  stm32f4xx_rcc.o(.text)
    RCC_AHB2PeriphClockLPModeCmd             0x0800887d   Thumb Code    20  stm32f4xx_rcc.o(.text)
    RCC_AHB3PeriphClockLPModeCmd             0x08008891   Thumb Code    20  stm32f4xx_rcc.o(.text)
    RCC_APB1PeriphClockLPModeCmd             0x080088a5   Thumb Code    20  stm32f4xx_rcc.o(.text)
    RCC_APB2PeriphClockLPModeCmd             0x080088b9   Thumb Code    20  stm32f4xx_rcc.o(.text)
    RCC_ITConfig                             0x080088cd   Thumb Code    20  stm32f4xx_rcc.o(.text)
    RCC_ClearFlag                            0x080088e1   Thumb Code    14  stm32f4xx_rcc.o(.text)
    RCC_GetITStatus                          0x080088ef   Thumb Code    18  stm32f4xx_rcc.o(.text)
    RCC_ClearITPendingBit                    0x08008901   Thumb Code     8  stm32f4xx_rcc.o(.text)
    TIM_DeInit                               0x0800892d   Thumb Code   284  stm32f4xx_tim.o(.text)
    TIM_TimeBaseInit                         0x08008a49   Thumb Code    96  stm32f4xx_tim.o(.text)
    TIM_TimeBaseStructInit                   0x08008aa9   Thumb Code    18  stm32f4xx_tim.o(.text)
    TIM_PrescalerConfig                      0x08008abb   Thumb Code     6  stm32f4xx_tim.o(.text)
    TIM_CounterModeConfig                    0x08008ac1   Thumb Code    12  stm32f4xx_tim.o(.text)
    TIM_SetCounter                           0x08008acd   Thumb Code     4  stm32f4xx_tim.o(.text)
    TIM_SetAutoreload                        0x08008ad1   Thumb Code     4  stm32f4xx_tim.o(.text)
    TIM_GetCounter                           0x08008ad5   Thumb Code     4  stm32f4xx_tim.o(.text)
    TIM_GetPrescaler                         0x08008ad9   Thumb Code     4  stm32f4xx_tim.o(.text)
    TIM_UpdateDisableConfig                  0x08008add   Thumb Code    20  stm32f4xx_tim.o(.text)
    TIM_UpdateRequestConfig                  0x08008af1   Thumb Code    20  stm32f4xx_tim.o(.text)
    TIM_ARRPreloadConfig                     0x08008b05   Thumb Code    20  stm32f4xx_tim.o(.text)
    TIM_SelectOnePulseMode                   0x08008b19   Thumb Code    16  stm32f4xx_tim.o(.text)
    TIM_SetClockDivision                     0x08008b29   Thumb Code    16  stm32f4xx_tim.o(.text)
    TIM_Cmd                                  0x08008b39   Thumb Code    20  stm32f4xx_tim.o(.text)
    TIM_OC1Init                              0x08008b4d   Thumb Code    88  stm32f4xx_tim.o(.text)
    TIM_OC2Init                              0x08008ba5   Thumb Code   120  stm32f4xx_tim.o(.text)
    TIM_OC3Init                              0x08008c1d   Thumb Code   116  stm32f4xx_tim.o(.text)
    TIM_OC4Init                              0x08008c91   Thumb Code    88  stm32f4xx_tim.o(.text)
    TIM_OCStructInit                         0x08008ce9   Thumb Code    20  stm32f4xx_tim.o(.text)
    TIM_SelectOCxM                           0x08008cfd   Thumb Code   130  stm32f4xx_tim.o(.text)
    TIM_SetCompare1                          0x08008d7f   Thumb Code     4  stm32f4xx_tim.o(.text)
    TIM_SetCompare2                          0x08008d83   Thumb Code     4  stm32f4xx_tim.o(.text)
    TIM_SetCompare3                          0x08008d87   Thumb Code     4  stm32f4xx_tim.o(.text)
    TIM_SetCompare4                          0x08008d8b   Thumb Code     4  stm32f4xx_tim.o(.text)
    TIM_ForcedOC1Config                      0x08008d8f   Thumb Code    12  stm32f4xx_tim.o(.text)
    TIM_ForcedOC2Config                      0x08008d9b   Thumb Code    20  stm32f4xx_tim.o(.text)
    TIM_ForcedOC3Config                      0x08008daf   Thumb Code    12  stm32f4xx_tim.o(.text)
    TIM_ForcedOC4Config                      0x08008dbb   Thumb Code    20  stm32f4xx_tim.o(.text)
    TIM_OC1PreloadConfig                     0x08008dcf   Thumb Code    12  stm32f4xx_tim.o(.text)
    TIM_OC2PreloadConfig                     0x08008ddb   Thumb Code    20  stm32f4xx_tim.o(.text)
    TIM_OC3PreloadConfig                     0x08008def   Thumb Code    12  stm32f4xx_tim.o(.text)
    TIM_OC4PreloadConfig                     0x08008dfb   Thumb Code    20  stm32f4xx_tim.o(.text)
    TIM_OC1FastConfig                        0x08008e0f   Thumb Code    12  stm32f4xx_tim.o(.text)
    TIM_OC2FastConfig                        0x08008e1b   Thumb Code    20  stm32f4xx_tim.o(.text)
    TIM_OC3FastConfig                        0x08008e2f   Thumb Code    12  stm32f4xx_tim.o(.text)
    TIM_OC4FastConfig                        0x08008e3b   Thumb Code    20  stm32f4xx_tim.o(.text)
    TIM_ClearOC1Ref                          0x08008e4f   Thumb Code    12  stm32f4xx_tim.o(.text)
    TIM_ClearOC2Ref                          0x08008e5b   Thumb Code    20  stm32f4xx_tim.o(.text)
    TIM_ClearOC3Ref                          0x08008e6f   Thumb Code    12  stm32f4xx_tim.o(.text)
    TIM_ClearOC4Ref                          0x08008e7b   Thumb Code    20  stm32f4xx_tim.o(.text)
    TIM_OC1PolarityConfig                    0x08008e8f   Thumb Code    12  stm32f4xx_tim.o(.text)
    TIM_OC1NPolarityConfig                   0x08008e9b   Thumb Code    12  stm32f4xx_tim.o(.text)
    TIM_OC2PolarityConfig                    0x08008ea7   Thumb Code    20  stm32f4xx_tim.o(.text)
    TIM_OC2NPolarityConfig                   0x08008ebb   Thumb Code    20  stm32f4xx_tim.o(.text)
    TIM_OC3PolarityConfig                    0x08008ecf   Thumb Code    20  stm32f4xx_tim.o(.text)
    TIM_OC3NPolarityConfig                   0x08008ee3   Thumb Code    20  stm32f4xx_tim.o(.text)
    TIM_OC4PolarityConfig                    0x08008ef7   Thumb Code    20  stm32f4xx_tim.o(.text)
    TIM_CCxCmd                               0x08008f0b   Thumb Code    22  stm32f4xx_tim.o(.text)
    TIM_CCxNCmd                              0x08008f21   Thumb Code    22  stm32f4xx_tim.o(.text)
    TIM_SetIC4Prescaler                      0x08008f37   Thumb Code    24  stm32f4xx_tim.o(.text)
    TIM_SetIC3Prescaler                      0x08008f4f   Thumb Code    16  stm32f4xx_tim.o(.text)
    TIM_SetIC2Prescaler                      0x08008f5f   Thumb Code    24  stm32f4xx_tim.o(.text)
    TIM_SetIC1Prescaler                      0x08008fad   Thumb Code    16  stm32f4xx_tim.o(.text)
    TIM_ICInit                               0x08008fbd   Thumb Code   164  stm32f4xx_tim.o(.text)
    TIM_ICStructInit                         0x08009061   Thumb Code    16  stm32f4xx_tim.o(.text)
    TIM_PWMIConfig                           0x08009071   Thumb Code   104  stm32f4xx_tim.o(.text)
    TIM_GetCapture1                          0x080090d9   Thumb Code     4  stm32f4xx_tim.o(.text)
    TIM_GetCapture2                          0x080090dd   Thumb Code     4  stm32f4xx_tim.o(.text)
    TIM_GetCapture3                          0x080090e1   Thumb Code     4  stm32f4xx_tim.o(.text)
    TIM_GetCapture4                          0x080090e5   Thumb Code     4  stm32f4xx_tim.o(.text)
    TIM_BDTRConfig                           0x080090e9   Thumb Code    34  stm32f4xx_tim.o(.text)
    TIM_BDTRStructInit                       0x0800910b   Thumb Code    18  stm32f4xx_tim.o(.text)
    TIM_CtrlPWMOutputs                       0x0800911d   Thumb Code    22  stm32f4xx_tim.o(.text)
    TIM_SelectCOM                            0x08009133   Thumb Code    20  stm32f4xx_tim.o(.text)
    TIM_CCPreloadControl                     0x08009147   Thumb Code    20  stm32f4xx_tim.o(.text)
    TIM_ITConfig                             0x0800915b   Thumb Code    16  stm32f4xx_tim.o(.text)
    TIM_GenerateEvent                        0x0800916b   Thumb Code     4  stm32f4xx_tim.o(.text)
    TIM_GetFlagStatus                        0x0800916f   Thumb Code    14  stm32f4xx_tim.o(.text)
    TIM_ClearFlag                            0x0800917d   Thumb Code     6  stm32f4xx_tim.o(.text)
    TIM_GetITStatus                          0x08009183   Thumb Code    24  stm32f4xx_tim.o(.text)
    TIM_ClearITPendingBit                    0x0800919b   Thumb Code     6  stm32f4xx_tim.o(.text)
    TIM_DMAConfig                            0x080091a1   Thumb Code     8  stm32f4xx_tim.o(.text)
    TIM_DMACmd                               0x080091a9   Thumb Code    16  stm32f4xx_tim.o(.text)
    TIM_SelectCCDMA                          0x080091b9   Thumb Code    20  stm32f4xx_tim.o(.text)
    TIM_InternalClockConfig                  0x080091cd   Thumb Code    10  stm32f4xx_tim.o(.text)
    TIM_SelectInputTrigger                   0x080091d7   Thumb Code    12  stm32f4xx_tim.o(.text)
    TIM_ITRxExternalClockConfig              0x080091e3   Thumb Code    18  stm32f4xx_tim.o(.text)
    TIM_TIxExternalClockConfig               0x080091f5   Thumb Code    46  stm32f4xx_tim.o(.text)
    TIM_ETRConfig                            0x08009223   Thumb Code    24  stm32f4xx_tim.o(.text)
    TIM_ETRClockMode1Config                  0x0800923b   Thumb Code    18  stm32f4xx_tim.o(.text)
    TIM_ETRClockMode2Config                  0x0800924d   Thumb Code    18  stm32f4xx_tim.o(.text)
    TIM_SelectOutputTrigger                  0x0800925f   Thumb Code    16  stm32f4xx_tim.o(.text)
    TIM_SelectSlaveMode                      0x0800926f   Thumb Code    16  stm32f4xx_tim.o(.text)
    TIM_SelectMasterSlaveMode                0x0800927f   Thumb Code    16  stm32f4xx_tim.o(.text)
    TIM_EncoderInterfaceConfig               0x0800928f   Thumb Code    50  stm32f4xx_tim.o(.text)
    TIM_SelectHallSensor                     0x080092c1   Thumb Code    20  stm32f4xx_tim.o(.text)
    TIM_RemapConfig                          0x080092d5   Thumb Code     6  stm32f4xx_tim.o(.text)
    USART_DeInit                             0x08009309   Thumb Code   114  stm32f4xx_usart.o(.text)
    USART_Init                               0x0800937b   Thumb Code   164  stm32f4xx_usart.o(.text)
    USART_StructInit                         0x0800941f   Thumb Code    22  stm32f4xx_usart.o(.text)
    USART_ClockInit                          0x08009435   Thumb Code    28  stm32f4xx_usart.o(.text)
    USART_ClockStructInit                    0x08009451   Thumb Code    12  stm32f4xx_usart.o(.text)
    USART_Cmd                                0x0800945d   Thumb Code    20  stm32f4xx_usart.o(.text)
    USART_SetPrescaler                       0x08009471   Thumb Code    16  stm32f4xx_usart.o(.text)
    USART_OverSampling8Cmd                   0x08009481   Thumb Code    20  stm32f4xx_usart.o(.text)
    USART_OneBitMethodCmd                    0x08009495   Thumb Code    20  stm32f4xx_usart.o(.text)
    USART_SendData                           0x080094a9   Thumb Code     8  stm32f4xx_usart.o(.text)
    USART_ReceiveData                        0x080094b1   Thumb Code     8  stm32f4xx_usart.o(.text)
    USART_SetAddress                         0x080094b9   Thumb Code    16  stm32f4xx_usart.o(.text)
    USART_ReceiverWakeUpCmd                  0x080094c9   Thumb Code    20  stm32f4xx_usart.o(.text)
    USART_WakeUpConfig                       0x080094dd   Thumb Code    16  stm32f4xx_usart.o(.text)
    USART_LINBreakDetectLengthConfig         0x080094ed   Thumb Code    16  stm32f4xx_usart.o(.text)
    USART_LINCmd                             0x080094fd   Thumb Code    20  stm32f4xx_usart.o(.text)
    USART_SendBreak                          0x08009511   Thumb Code    10  stm32f4xx_usart.o(.text)
    USART_HalfDuplexCmd                      0x0800951b   Thumb Code    20  stm32f4xx_usart.o(.text)
    USART_SetGuardTime                       0x0800952f   Thumb Code    16  stm32f4xx_usart.o(.text)
    USART_SmartCardCmd                       0x0800953f   Thumb Code    20  stm32f4xx_usart.o(.text)
    USART_SmartCardNACKCmd                   0x08009553   Thumb Code    20  stm32f4xx_usart.o(.text)
    USART_IrDAConfig                         0x08009567   Thumb Code    16  stm32f4xx_usart.o(.text)
    USART_IrDACmd                            0x08009577   Thumb Code    20  stm32f4xx_usart.o(.text)
    USART_DMACmd                             0x0800958b   Thumb Code    16  stm32f4xx_usart.o(.text)
    USART_ITConfig                           0x0800959b   Thumb Code    48  stm32f4xx_usart.o(.text)
    USART_GetFlagStatus                      0x080095cb   Thumb Code    14  stm32f4xx_usart.o(.text)
    USART_ClearFlag                          0x080095d9   Thumb Code     6  stm32f4xx_usart.o(.text)
    USART_GetITStatus                        0x080095df   Thumb Code    62  stm32f4xx_usart.o(.text)
    USART_ClearITPendingBit                  0x0800961d   Thumb Code    12  stm32f4xx_usart.o(.text)
    Task_MPU6050                             0x08009641   Thumb Code   180  app.o(.text)
    Task_LED1                                0x080096f5   Thumb Code    78  app.o(.text)
    AppTaskCreate                            0x08009743   Thumb Code     2  app.o(.text)
    AppObjCreate                             0x08009745   Thumb Code     2  app.o(.text)
    AppTaskStart                             0x08009747   Thumb Code    78  app.o(.text)
    Task_Start                               0x08009795   Thumb Code   140  app.o(.text)
    App_SerialInit                           0x08009921   Thumb Code   112  app_serial.o(.text)
    App_SerPrintf                            0x08009991   Thumb Code    46  app_serial.o(.text)
    App_SerStrRd                             0x080099bf   Thumb Code    22  app_serial.o(.text)
    App_SerStrWr                             0x080099d5   Thumb Code    30  app_serial.o(.text)
    main                                     0x08009a15   Thumb Code    70  main.o(.text)
    __aeabi_uldivmod                         0x08009a71   Thumb Code    98  uldiv.o(.text)
    __aeabi_uidiv                            0x08009ad3   Thumb Code     0  uidiv.o(.text)
    __aeabi_uidivmod                         0x08009ad3   Thumb Code    44  uidiv.o(.text)
    __aeabi_llsl                             0x08009aff   Thumb Code    30  llshl.o(.text)
    _ll_shift_l                              0x08009aff   Thumb Code     0  llshl.o(.text)
    __aeabi_llsr                             0x08009b1d   Thumb Code    32  llushr.o(.text)
    _ll_ushift_r                             0x08009b1d   Thumb Code     0  llushr.o(.text)
    __I$use$fp                               0x08009b3d   Thumb Code     0  iusefp.o(.text)
    __aeabi_dadd                             0x08009b3d   Thumb Code   322  dadd.o(.text)
    __aeabi_dsub                             0x08009c7f   Thumb Code     6  dadd.o(.text)
    __aeabi_drsub                            0x08009c85   Thumb Code     6  dadd.o(.text)
    __aeabi_dmul                             0x08009c8b   Thumb Code   228  dmul.o(.text)
    __aeabi_ddiv                             0x08009d6f   Thumb Code   222  ddiv.o(.text)
    __aeabi_d2ulz                            0x08009e4d   Thumb Code    48  dfixul.o(.text)
    __aeabi_cdrcmple                         0x08009e7d   Thumb Code    48  cdrcmple.o(.text)
    __scatterload                            0x08009ead   Thumb Code    28  init.o(.text)
    __scatterload_rt2                        0x08009ead   Thumb Code     0  init.o(.text)
    __aeabi_lasr                             0x08009ed1   Thumb Code    36  llsshr.o(.text)
    _ll_sshift_r                             0x08009ed1   Thumb Code     0  llsshr.o(.text)
    _double_round                            0x08009ef5   Thumb Code    30  depilogue.o(.text)
    _double_epilogue                         0x08009f13   Thumb Code   156  depilogue.o(.text)
    OSStartHighRdy                           0x08009fb1   Thumb Code     0  os_cpu_a.o(CODE)
    OSCtxSw                                  0x08009fd3   Thumb Code     0  os_cpu_a.o(CODE)
    OSIntCtxSw                               0x08009fdd   Thumb Code     0  os_cpu_a.o(CODE)
    OS_CPU_PendSVHandler                     0x08009fe7   Thumb Code     0  os_cpu_a.o(CODE)
    __0printf$1                              0x0800a049   Thumb Code    22  printf1.o(i.__0printf$1)
    __1printf$1                              0x0800a049   Thumb Code     0  printf1.o(i.__0printf$1)
    __2printf                                0x0800a049   Thumb Code     0  printf1.o(i.__0printf$1)
    __0vsprintf                              0x0800a069   Thumb Code    30  printfa.o(i.__0vsprintf)
    __1vsprintf                              0x0800a069   Thumb Code     0  printfa.o(i.__0vsprintf)
    __2vsprintf                              0x0800a069   Thumb Code     0  printfa.o(i.__0vsprintf)
    __c89vsprintf                            0x0800a069   Thumb Code     0  printfa.o(i.__0vsprintf)
    vsprintf                                 0x0800a069   Thumb Code     0  printfa.o(i.__0vsprintf)
    __scatterload_copy                       0x0800a08d   Thumb Code    14  handlers.o(i.__scatterload_copy)
    __scatterload_null                       0x0800a09b   Thumb Code     2  handlers.o(i.__scatterload_null)
    __scatterload_zeroinit                   0x0800a09d   Thumb Code    14  handlers.o(i.__scatterload_zeroinit)
    OSCfg_IdleTaskStkBasePtr                 0x0800ac30   Data           4  os_cfg_app_1.o(.constdata)
    OSCfg_IdleTaskStkLimit                   0x0800ac34   Data           4  os_cfg_app_1.o(.constdata)
    OSCfg_IdleTaskStkSize                    0x0800ac38   Data           4  os_cfg_app_1.o(.constdata)
    OSCfg_ISRStkBasePtr                      0x0800ac3c   Data           4  os_cfg_app_1.o(.constdata)
    OSCfg_ISRStkSize                         0x0800ac40   Data           4  os_cfg_app_1.o(.constdata)
    OSCfg_MsgPoolSize                        0x0800ac44   Data           2  os_cfg_app_1.o(.constdata)
    OSCfg_MsgPoolBasePtr                     0x0800ac48   Data           4  os_cfg_app_1.o(.constdata)
    OSCfg_StatTaskPrio                       0x0800ac4c   Data           1  os_cfg_app_1.o(.constdata)
    OSCfg_StatTaskRate_Hz                    0x0800ac50   Data           4  os_cfg_app_1.o(.constdata)
    OSCfg_StatTaskStkBasePtr                 0x0800ac54   Data           4  os_cfg_app_1.o(.constdata)
    OSCfg_StatTaskStkLimit                   0x0800ac58   Data           4  os_cfg_app_1.o(.constdata)
    OSCfg_StatTaskStkSize                    0x0800ac5c   Data           4  os_cfg_app_1.o(.constdata)
    OSCfg_StkSizeMin                         0x0800ac60   Data           4  os_cfg_app_1.o(.constdata)
    OSCfg_TickRate_Hz                        0x0800ac64   Data           4  os_cfg_app_1.o(.constdata)
    OSCfg_TickTaskPrio                       0x0800ac68   Data           1  os_cfg_app_1.o(.constdata)
    OSCfg_TickTaskStkBasePtr                 0x0800ac6c   Data           4  os_cfg_app_1.o(.constdata)
    OSCfg_TickTaskStkLimit                   0x0800ac70   Data           4  os_cfg_app_1.o(.constdata)
    OSCfg_TickTaskStkSize                    0x0800ac74   Data           4  os_cfg_app_1.o(.constdata)
    OSCfg_TickWheelSize                      0x0800ac78   Data           2  os_cfg_app_1.o(.constdata)
    OSCfg_TmrTaskPrio                        0x0800ac7a   Data           1  os_cfg_app_1.o(.constdata)
    OSCfg_TmrTaskRate_Hz                     0x0800ac7c   Data           4  os_cfg_app_1.o(.constdata)
    OSCfg_TmrTaskStkBasePtr                  0x0800ac80   Data           4  os_cfg_app_1.o(.constdata)
    OSCfg_TmrTaskStkLimit                    0x0800ac84   Data           4  os_cfg_app_1.o(.constdata)
    OSCfg_TmrTaskStkSize                     0x0800ac88   Data           4  os_cfg_app_1.o(.constdata)
    OSCfg_TmrWheelSize                       0x0800ac8c   Data           2  os_cfg_app_1.o(.constdata)
    SerialDrv_STM32_API                      0x0800aca4   Data          40  serial_drv_stm32.o(.constdata)
    SerialLine_Dflt                          0x0800accc   Data          16  serial_line_dflt.o(.constdata)
    SerialLine_TTY                           0x0800acdc   Data          16  serial_line_tty.o(.constdata)
    Region$$Table$$Base                      0x0800acec   Number         0  anon$$obj.o(Region$$Table)
    Region$$Table$$Limit                     0x0800ad0c   Number         0  anon$$obj.o(Region$$Table)
    CPU_TS_TmrFreq_Hz                        0x20000000   Data           4  cpu_core.o(.data)
    Math_RandSeedCur                         0x20000004   Data           4  lib_math.o(.data)
    Mem_PoolTbl                              0x20000008   Data           4  lib_mem.o(.data)
    OSPrioTbl                                0x2000000c   Data           8  os_prio_1.o(.data)
    OS_AppTaskCreateHookPtr                  0x20000014   Data           4  os_var_1.o(.data)
    OS_AppTaskDelHookPtr                     0x20000018   Data           4  os_var_1.o(.data)
    OS_AppTaskReturnHookPtr                  0x2000001c   Data           4  os_var_1.o(.data)
    OS_AppIdleTaskHookPtr                    0x20000020   Data           4  os_var_1.o(.data)
    OS_AppStatTaskHookPtr                    0x20000024   Data           4  os_var_1.o(.data)
    OS_AppTaskSwHookPtr                      0x20000028   Data           4  os_var_1.o(.data)
    OS_AppTimeTickHookPtr                    0x2000002c   Data           4  os_var_1.o(.data)
    OSIdleTaskCtr                            0x20000030   Data           4  os_var_1.o(.data)
    OSIntNestingCtr                          0x20000034   Data           1  os_var_1.o(.data)
    OSRunning                                0x20000035   Data           1  os_var_1.o(.data)
    OSFlagDbgListPtr                         0x20000038   Data           4  os_var_1.o(.data)
    OSFlagQty                                0x2000003c   Data           2  os_var_1.o(.data)
    OSMemDbgListPtr                          0x20000040   Data           4  os_var_1.o(.data)
    OSMemQty                                 0x20000044   Data           2  os_var_1.o(.data)
    OSMutexDbgListPtr                        0x20000048   Data           4  os_var_1.o(.data)
    OSMutexQty                               0x2000004c   Data           2  os_var_1.o(.data)
    OSPrioCur                                0x2000004e   Data           1  os_var_1.o(.data)
    OSPrioHighRdy                            0x2000004f   Data           1  os_var_1.o(.data)
    OSPrioSaved                              0x20000050   Data           1  os_var_1.o(.data)
    OSQDbgListPtr                            0x20000054   Data           4  os_var_1.o(.data)
    OSQQty                                   0x20000058   Data           2  os_var_1.o(.data)
    OSSchedLockNestingCtr                    0x2000005a   Data           1  os_var_1.o(.data)
    OSSemDbgListPtr                          0x2000005c   Data           4  os_var_1.o(.data)
    OSSemQty                                 0x20000060   Data           2  os_var_1.o(.data)
    OSStatResetFlag                          0x20000062   Data           1  os_var_1.o(.data)
    OSStatTaskCPUUsage                       0x20000064   Data           2  os_var_1.o(.data)
    OSStatTaskCPUUsageMax                    0x20000066   Data           2  os_var_1.o(.data)
    OSStatTaskCtr                            0x20000068   Data           4  os_var_1.o(.data)
    OSStatTaskCtrMax                         0x2000006c   Data           4  os_var_1.o(.data)
    OSStatTaskCtrRun                         0x20000070   Data           4  os_var_1.o(.data)
    OSStatTaskRdy                            0x20000074   Data           1  os_var_1.o(.data)
    OSStatTaskTimeMax                        0x20000078   Data           4  os_var_1.o(.data)
    OSTaskCtxSwCtr                           0x2000007c   Data           4  os_var_1.o(.data)
    OSTaskDbgListPtr                         0x20000080   Data           4  os_var_1.o(.data)
    OSTaskQty                                0x20000084   Data           2  os_var_1.o(.data)
    OSTaskRegNextAvailID                     0x20000086   Data           1  os_var_1.o(.data)
    OSTickCtr                                0x20000088   Data           4  os_var_1.o(.data)
    OSTickTaskTimeMax                        0x2000008c   Data           4  os_var_1.o(.data)
    OSTmrDbgListPtr                          0x20000090   Data           4  os_var_1.o(.data)
    OSTmrQty                                 0x20000094   Data           2  os_var_1.o(.data)
    OSTmrTaskTimeMax                         0x20000098   Data           4  os_var_1.o(.data)
    OSTmrTickCtr                             0x2000009c   Data           4  os_var_1.o(.data)
    OSTmrUpdateCnt                           0x200000a0   Data           4  os_var_1.o(.data)
    OSTmrUpdateCtr                           0x200000a4   Data           4  os_var_1.o(.data)
    OSTCBCurPtr                              0x200000a8   Data           4  os_var_1.o(.data)
    OSTCBHighRdyPtr                          0x200000ac   Data           4  os_var_1.o(.data)
    OS_CPU_ExceptStkBase                     0x200000b0   Data           4  os_cpu_c.o(.data)
    SerialDevCfg_STM32_USART3                0x200000b8   Data          12  serial_bsp_stm3240x.o(.data)
    USART_RX_STA                             0x200000e0   Data           2  usart.o(.data)
    __stdout                                 0x200000e4   Data           4  usart.o(.data)
    CPU_Name                                 0x20000244   Data          16  cpu_core.o(.bss)
    Mem_PoolHeap                             0x20000254   Data          72  lib_mem.o(.bss)
    Mem_Heap                                 0x2000029c   Data       23552  lib_mem.o(.bss)
    OSCfg_IdleTaskStk                        0x20005e9c   Data         512  os_cfg_app_1.o(.bss)
    OSCfg_ISRStk                             0x2000609c   Data        1024  os_cfg_app_1.o(.bss)
    OSCfg_MsgPool                            0x2000649c   Data        1600  os_cfg_app_1.o(.bss)
    OSCfg_StatTaskStk                        0x20006adc   Data         512  os_cfg_app_1.o(.bss)
    OSCfg_TickTaskStk                        0x20006cdc   Data         512  os_cfg_app_1.o(.bss)
    OSCfg_TickWheel                          0x20006edc   Data         128  os_cfg_app_1.o(.bss)
    OSCfg_TmrTaskStk                         0x20006f5c   Data         512  os_cfg_app_1.o(.bss)
    OSCfg_TmrWheel                           0x2000715c   Data         136  os_cfg_app_1.o(.bss)
    OSIdleTaskTCB                            0x200071e4   Data         192  os_var_1.o(.bss)
    OSMsgPool                                0x200072a4   Data          12  os_var_1.o(.bss)
    OSRdyList                                0x200072b0   Data         768  os_var_1.o(.bss)
    OSStatTaskTCB                            0x200075b0   Data         192  os_var_1.o(.bss)
    OSTickTaskTCB                            0x20007670   Data         192  os_var_1.o(.bss)
    OSTmrTaskTCB                             0x20007730   Data         192  os_var_1.o(.bss)
    USART_RX_BUF                             0x20007a18   Data         200  usart.o(.bss)
    StartUPTCB                               0x200080e0   Data         192  main.o(.bss)
    StartUP_Stk                              0x200081a0   Data         320  main.o(.bss)
    __initial_sp                             0x200086e0   Data           0  cstartup.o(STACK)



==============================================================================

Memory Map of the image

  Image Entry point : 0x08000189

  Load Region LR_IROM1 (Base: 0x08000000, Size: 0x0000ae08, Max: 0x00080000, ABSOLUTE)

    Execution Region ER_IROM1 (Base: 0x08000000, Size: 0x0000ad0c, Max: 0x00080000, ABSOLUTE)

    Base Addr    Size         Type   Attr      Idx    E Section Name        Object

    0x08000000   0x00000188   Data   RO          256    RESET               cstartup.o
    0x08000188   0x00000000   Code   RO         2031  * .ARM.Collect$$$$00000000  mc_w.l(entry.o)
    0x08000188   0x00000004   Code   RO         2297    .ARM.Collect$$$$00000001  mc_w.l(entry2.o)
    0x0800018c   0x00000004   Code   RO         2300    .ARM.Collect$$$$00000004  mc_w.l(entry5.o)
    0x08000190   0x00000000   Code   RO         2302    .ARM.Collect$$$$00000008  mc_w.l(entry7b.o)
    0x08000190   0x00000000   Code   RO         2304    .ARM.Collect$$$$0000000A  mc_w.l(entry8b.o)
    0x08000190   0x00000008   Code   RO         2305    .ARM.Collect$$$$0000000B  mc_w.l(entry9a.o)
    0x08000198   0x00000000   Code   RO         2307    .ARM.Collect$$$$0000000D  mc_w.l(entry10a.o)
    0x08000198   0x00000000   Code   RO         2309    .ARM.Collect$$$$0000000F  mc_w.l(entry11a.o)
    0x08000198   0x00000004   Code   RO         2298    .ARM.Collect$$$$00002712  mc_w.l(entry2.o)
    0x0800019c   0x000002b0   Code   RO            4    .text               bsp.o
    0x0800044c   0x0000029c   Code   RO          190    .text               bsp_int.o
    0x080006e8   0x00000278   Code   RO          233    .text               bsp_periph.o
    0x08000960   0x00000018   Code   RO          257    .text               cstartup.o
    0x08000978   0x00000034   Code   RO          288    .text               cpu_a.o
    0x080009ac   0x00000394   Code   RO          291    .text               cpu_c.o
    0x08000d40   0x000001bc   Code   RO          303    .text               cpu_core.o
    0x08000efc   0x0000015a   Code   RO          324    .text               lib_ascii.o
    0x08001056   0x00000002   PAD
    0x08001058   0x00000050   Code   RO          340    .text               lib_math.o
    0x080010a8   0x0000094c   Code   RO          359    .text               lib_mem.o
    0x080019f4   0x00000220   Code   RO          378    .text               lib_mem_a.o
    0x08001c14   0x000005a8   Code   RO          381    .text               lib_str.o
    0x080021bc   0x00000002   Code   RO          399    .text               os_cfg_app_1.o
    0x080021be   0x00000002   PAD
    0x080021c0   0x000008e8   Code   RO          469    .text               os_core_1.o
    0x08002aa8   0x00000002   Code   RO          482    .text               os_dbg_1.o
    0x08002aaa   0x00000002   PAD
    0x08002aac   0x00000660   Code   RO          499    .text               os_flag_1.o
    0x0800310c   0x00000154   Code   RO          518    .text               os_mem_1.o
    0x08003260   0x00000180   Code   RO          530    .text               os_msg_1.o
    0x080033e0   0x0000057c   Code   RO          542    .text               os_mutex_1.o
    0x0800395c   0x00000070   Code   RO          567    .text               os_prio_1.o
    0x080039cc   0x00000514   Code   RO          586    .text               os_q_1.o
    0x08003ee0   0x000004c0   Code   RO          599    .text               os_sem_1.o
    0x080043a0   0x000003b4   Code   RO          612    .text               os_stat_1.o
    0x08004754   0x00000c0c   Code   RO          624    .text               os_task_1.o
    0x08005360   0x0000031c   Code   RO          636    .text               os_tick_1.o
    0x0800567c   0x000002a4   Code   RO          649    .text               os_time_1.o
    0x08005920   0x00000644   Code   RO          661    .text               os_tmr_1.o
    0x08005f64   0x0000016c   Code   RO          740    .text               os_cpu_c.o
    0x080060d0   0x00000e58   Code   RO          758    .text               serial.o
    0x08006f28   0x00000244   Code   RO          792    .text               serial_bsp_stm3240x.o
    0x0800716c   0x0000017c   Code   RO          902    .text               serial_buf.o
    0x080072e8   0x000001e8   Code   RO          928    .text               serial_drv_stm32.o
    0x080074d0   0x0000003c   Code   RO          945    .text               serial_line_dflt.o
    0x0800750c   0x00000134   Code   RO          980    .text               serial_line_tty.o
    0x08007640   0x0000011c   Code   RO          999    .text               serial_os.o
    0x0800775c   0x00000040   Code   RO         1016    .text               led.o
    0x0800779c   0x00000294   Code   RO         1043    .text               mpu6050.o
    0x08007a30   0x000000a0   Code   RO         1073    .text               pwm.o
    0x08007ad0   0x00000124   Code   RO         1108    .text               usart.o
    0x08007bf4   0x000000b0   Code   RO         1166    .text               misc.o
    0x08007ca4   0x00000390   Code   RO         1478    .text               stm32f4xx_flash.o
    0x08008034   0x000001ec   Code   RO         1527    .text               stm32f4xx_gpio.o
    0x08008220   0x0000033c   Code   RO         1623    .text               stm32f4xx_i2c.o
    0x0800855c   0x000003d0   Code   RO         1695    .text               stm32f4xx_rcc.o
    0x0800892c   0x000009dc   Code   RO         1842    .text               stm32f4xx_tim.o
    0x08009308   0x00000338   Code   RO         1867    .text               stm32f4xx_usart.o
    0x08009640   0x000002e0   Code   RO         1915    .text               app.o
    0x08009920   0x000000f4   Code   RO         1971    .text               app_serial.o
    0x08009a14   0x0000005c   Code   RO         2007    .text               main.o
    0x08009a70   0x00000062   Code   RO         2034    .text               mc_w.l(uldiv.o)
    0x08009ad2   0x0000002c   Code   RO         2311    .text               mc_w.l(uidiv.o)
    0x08009afe   0x0000001e   Code   RO         2313    .text               mc_w.l(llshl.o)
    0x08009b1c   0x00000020   Code   RO         2315    .text               mc_w.l(llushr.o)
    0x08009b3c   0x00000000   Code   RO         2317    .text               mc_w.l(iusefp.o)
    0x08009b3c   0x0000014e   Code   RO         2318    .text               mf_w.l(dadd.o)
    0x08009c8a   0x000000e4   Code   RO         2320    .text               mf_w.l(dmul.o)
    0x08009d6e   0x000000de   Code   RO         2322    .text               mf_w.l(ddiv.o)
    0x08009e4c   0x00000030   Code   RO         2324    .text               mf_w.l(dfixul.o)
    0x08009e7c   0x00000030   Code   RO         2326    .text               mf_w.l(cdrcmple.o)
    0x08009eac   0x00000024   Code   RO         2328    .text               mc_w.l(init.o)
    0x08009ed0   0x00000024   Code   RO         2330    .text               mc_w.l(llsshr.o)
    0x08009ef4   0x000000ba   Code   RO         2332    .text               mf_w.l(depilogue.o)
    0x08009fae   0x00000002   PAD
    0x08009fb0   0x00000098   Code   RO          737    CODE                os_cpu_a.o
    0x0800a048   0x00000020   Code   RO         2081    i.__0printf$1       mc_w.l(printf1.o)
    0x0800a068   0x00000024   Code   RO         2275    i.__0vsprintf       mc_w.l(printfa.o)
    0x0800a08c   0x0000000e   Code   RO         2336    i.__scatterload_copy  mc_w.l(handlers.o)
    0x0800a09a   0x00000002   Code   RO         2337    i.__scatterload_null  mc_w.l(handlers.o)
    0x0800a09c   0x0000000e   Code   RO         2338    i.__scatterload_zeroinit  mc_w.l(handlers.o)
    0x0800a0aa   0x00000002   PAD
    0x0800a0ac   0x00000164   Code   RO         2276    i._fp_digits        mc_w.l(printfa.o)
    0x0800a210   0x00000154   Code   RO         2088    i._printf_core      mc_w.l(printf1.o)
    0x0800a364   0x000006dc   Code   RO         2277    i._printf_core      mc_w.l(printfa.o)
    0x0800aa40   0x00000024   Code   RO         2278    i._printf_post_padding  mc_w.l(printfa.o)
    0x0800aa64   0x0000002e   Code   RO         2279    i._printf_pre_padding  mc_w.l(printfa.o)
    0x0800aa92   0x0000000a   Code   RO         2281    i._sputc            mc_w.l(printfa.o)
    0x0800aa9c   0x00000100   Data   RO          305    .constdata          cpu_core.o
    0x0800ab9c   0x00000094   Data   RO          382    .constdata          lib_str.o
    0x0800ac30   0x00000004   Data   RO          408    .constdata          os_cfg_app_1.o
    0x0800ac34   0x00000004   Data   RO          409    .constdata          os_cfg_app_1.o
    0x0800ac38   0x00000004   Data   RO          410    .constdata          os_cfg_app_1.o
    0x0800ac3c   0x00000004   Data   RO          419    .constdata          os_cfg_app_1.o
    0x0800ac40   0x00000004   Data   RO          420    .constdata          os_cfg_app_1.o
    0x0800ac44   0x00000002   Data   RO          422    .constdata          os_cfg_app_1.o
    0x0800ac46   0x00000002   PAD
    0x0800ac48   0x00000004   Data   RO          424    .constdata          os_cfg_app_1.o
    0x0800ac4c   0x00000001   Data   RO          425    .constdata          os_cfg_app_1.o
    0x0800ac4d   0x00000003   PAD
    0x0800ac50   0x00000004   Data   RO          426    .constdata          os_cfg_app_1.o
    0x0800ac54   0x00000004   Data   RO          427    .constdata          os_cfg_app_1.o
    0x0800ac58   0x00000004   Data   RO          428    .constdata          os_cfg_app_1.o
    0x0800ac5c   0x00000004   Data   RO          429    .constdata          os_cfg_app_1.o
    0x0800ac60   0x00000004   Data   RO          431    .constdata          os_cfg_app_1.o
    0x0800ac64   0x00000004   Data   RO          432    .constdata          os_cfg_app_1.o
    0x0800ac68   0x00000001   Data   RO          433    .constdata          os_cfg_app_1.o
    0x0800ac69   0x00000003   PAD
    0x0800ac6c   0x00000004   Data   RO          434    .constdata          os_cfg_app_1.o
    0x0800ac70   0x00000004   Data   RO          435    .constdata          os_cfg_app_1.o
    0x0800ac74   0x00000004   Data   RO          436    .constdata          os_cfg_app_1.o
    0x0800ac78   0x00000002   Data   RO          438    .constdata          os_cfg_app_1.o
    0x0800ac7a   0x00000001   Data   RO          440    .constdata          os_cfg_app_1.o
    0x0800ac7b   0x00000001   PAD
    0x0800ac7c   0x00000004   Data   RO          441    .constdata          os_cfg_app_1.o
    0x0800ac80   0x00000004   Data   RO          442    .constdata          os_cfg_app_1.o
    0x0800ac84   0x00000004   Data   RO          443    .constdata          os_cfg_app_1.o
    0x0800ac88   0x00000004   Data   RO          444    .constdata          os_cfg_app_1.o
    0x0800ac8c   0x00000002   Data   RO          446    .constdata          os_cfg_app_1.o
    0x0800ac8e   0x00000002   PAD
    0x0800ac90   0x00000014   Data   RO          795    .constdata          serial_bsp_stm3240x.o
    0x0800aca4   0x00000028   Data   RO          929    .constdata          serial_drv_stm32.o
    0x0800accc   0x00000010   Data   RO          946    .constdata          serial_line_dflt.o
    0x0800acdc   0x00000010   Data   RO          981    .constdata          serial_line_tty.o
    0x0800acec   0x00000020   Data   RO         2334    Region$$Table       anon$$obj.o


    Execution Region RW_IRAM1 (Base: 0x20000000, Size: 0x000086e0, Max: 0x00020000, ABSOLUTE)

    Base Addr    Size         Type   Attr      Idx    E Section Name        Object

    0x20000000   0x00000004   Data   RW          306    .data               cpu_core.o
    0x20000004   0x00000004   Data   RW          341    .data               lib_math.o
    0x20000008   0x00000004   Data   RW          361    .data               lib_mem.o
    0x2000000c   0x00000008   Data   RW          568    .data               os_prio_1.o
    0x20000014   0x00000004   Data   RW          679    .data               os_var_1.o
    0x20000018   0x00000004   Data   RW          680    .data               os_var_1.o
    0x2000001c   0x00000004   Data   RW          681    .data               os_var_1.o
    0x20000020   0x00000004   Data   RW          682    .data               os_var_1.o
    0x20000024   0x00000004   Data   RW          683    .data               os_var_1.o
    0x20000028   0x00000004   Data   RW          684    .data               os_var_1.o
    0x2000002c   0x00000004   Data   RW          685    .data               os_var_1.o
    0x20000030   0x00000004   Data   RW          686    .data               os_var_1.o
    0x20000034   0x00000001   Data   RW          687    .data               os_var_1.o
    0x20000035   0x00000001   Data   RW          688    .data               os_var_1.o
    0x20000036   0x00000002   PAD
    0x20000038   0x00000004   Data   RW          689    .data               os_var_1.o
    0x2000003c   0x00000002   Data   RW          690    .data               os_var_1.o
    0x2000003e   0x00000002   PAD
    0x20000040   0x00000004   Data   RW          691    .data               os_var_1.o
    0x20000044   0x00000002   Data   RW          692    .data               os_var_1.o
    0x20000046   0x00000002   PAD
    0x20000048   0x00000004   Data   RW          693    .data               os_var_1.o
    0x2000004c   0x00000002   Data   RW          694    .data               os_var_1.o
    0x2000004e   0x00000001   Data   RW          695    .data               os_var_1.o
    0x2000004f   0x00000001   Data   RW          696    .data               os_var_1.o
    0x20000050   0x00000001   Data   RW          697    .data               os_var_1.o
    0x20000051   0x00000003   PAD
    0x20000054   0x00000004   Data   RW          698    .data               os_var_1.o
    0x20000058   0x00000002   Data   RW          699    .data               os_var_1.o
    0x2000005a   0x00000001   Data   RW          700    .data               os_var_1.o
    0x2000005b   0x00000001   PAD
    0x2000005c   0x00000004   Data   RW          701    .data               os_var_1.o
    0x20000060   0x00000002   Data   RW          702    .data               os_var_1.o
    0x20000062   0x00000001   Data   RW          703    .data               os_var_1.o
    0x20000063   0x00000001   PAD
    0x20000064   0x00000002   Data   RW          704    .data               os_var_1.o
    0x20000066   0x00000002   Data   RW          705    .data               os_var_1.o
    0x20000068   0x00000004   Data   RW          706    .data               os_var_1.o
    0x2000006c   0x00000004   Data   RW          707    .data               os_var_1.o
    0x20000070   0x00000004   Data   RW          708    .data               os_var_1.o
    0x20000074   0x00000001   Data   RW          709    .data               os_var_1.o
    0x20000075   0x00000003   PAD
    0x20000078   0x00000004   Data   RW          710    .data               os_var_1.o
    0x2000007c   0x00000004   Data   RW          711    .data               os_var_1.o
    0x20000080   0x00000004   Data   RW          712    .data               os_var_1.o
    0x20000084   0x00000002   Data   RW          713    .data               os_var_1.o
    0x20000086   0x00000001   Data   RW          714    .data               os_var_1.o
    0x20000087   0x00000001   PAD
    0x20000088   0x00000004   Data   RW          715    .data               os_var_1.o
    0x2000008c   0x00000004   Data   RW          716    .data               os_var_1.o
    0x20000090   0x00000004   Data   RW          717    .data               os_var_1.o
    0x20000094   0x00000002   Data   RW          718    .data               os_var_1.o
    0x20000096   0x00000002   PAD
    0x20000098   0x00000004   Data   RW          719    .data               os_var_1.o
    0x2000009c   0x00000004   Data   RW          720    .data               os_var_1.o
    0x200000a0   0x00000004   Data   RW          721    .data               os_var_1.o
    0x200000a4   0x00000004   Data   RW          722    .data               os_var_1.o
    0x200000a8   0x00000004   Data   RW          723    .data               os_var_1.o
    0x200000ac   0x00000004   Data   RW          724    .data               os_var_1.o
    0x200000b0   0x00000004   Data   RW          741    .data               os_cpu_c.o
    0x200000b4   0x00000001   Data   RW          760    .data               serial.o
    0x200000b5   0x00000003   PAD
    0x200000b8   0x0000000c   Data   RW          801    .data               serial_bsp_stm3240x.o
    0x200000c4   0x00000018   Data   RW          805    .data               serial_bsp_stm3240x.o
    0x200000dc   0x00000004   Data   RW          982    .data               serial_line_tty.o
    0x200000e0   0x00000002   Data   RW         1110    .data               usart.o
    0x200000e2   0x00000002   PAD
    0x200000e4   0x00000004   Data   RW         1111    .data               usart.o
    0x200000e8   0x00000010   Data   RW         1696    .data               stm32f4xx_rcc.o
    0x200000f8   0x00000001   Data   RW         1972    .data               app_serial.o
    0x200000f9   0x00000003   PAD
    0x200000fc   0x00000148   Zero   RW          191    .bss                bsp_int.o
    0x20000244   0x00000010   Zero   RW          304    .bss                cpu_core.o
    0x20000254   0x00005c48   Zero   RW          360    .bss                lib_mem.o
    0x20005e9c   0x00000200   Zero   RW          400    .bss                os_cfg_app_1.o
    0x2000609c   0x00000400   Zero   RW          401    .bss                os_cfg_app_1.o
    0x2000649c   0x00000640   Zero   RW          402    .bss                os_cfg_app_1.o
    0x20006adc   0x00000200   Zero   RW          403    .bss                os_cfg_app_1.o
    0x20006cdc   0x00000200   Zero   RW          404    .bss                os_cfg_app_1.o
    0x20006edc   0x00000080   Zero   RW          405    .bss                os_cfg_app_1.o
    0x20006f5c   0x00000200   Zero   RW          406    .bss                os_cfg_app_1.o
    0x2000715c   0x00000088   Zero   RW          407    .bss                os_cfg_app_1.o
    0x200071e4   0x000000c0   Zero   RW          673    .bss                os_var_1.o
    0x200072a4   0x0000000c   Zero   RW          674    .bss                os_var_1.o
    0x200072b0   0x00000300   Zero   RW          675    .bss                os_var_1.o
    0x200075b0   0x000000c0   Zero   RW          676    .bss                os_var_1.o
    0x20007670   0x000000c0   Zero   RW          677    .bss                os_var_1.o
    0x20007730   0x000000c0   Zero   RW          678    .bss                os_var_1.o
    0x200077f0   0x000001e0   Zero   RW          759    .bss                serial.o
    0x200079d0   0x00000048   Zero   RW         1000    .bss                serial_os.o
    0x20007a18   0x000000c8   Zero   RW         1109    .bss                usart.o
    0x20007ae0   0x00000600   Zero   RW         1916    .bss                app.o
    0x200080e0   0x00000200   Zero   RW         2008    .bss                main.o
    0x200082e0   0x00000400   Zero   RW          254    STACK               cstartup.o


==============================================================================

Image component sizes


      Code (inc. data)   RO Data    RW Data    ZI Data      Debug   Object Name

       736        256          0          0       1536       2761   app.o
       244         34          0          1          0       2525   app_serial.o
       688         46          0          0          0     324620   bsp.o
       668         10          0          0        328      11750   bsp_int.o
       632        240          0          0          0       1442   bsp_periph.o
        52          0          0          0          0        304   cpu_a.o
       916         72          0          0          0       3509   cpu_c.o
       444         12        256          4         16       6650   cpu_core.o
        24          6        392          0       1024        720   cstartup.o
        64          6          0          0          0        567   led.o
       346          0          0          0          0       4522   lib_ascii.o
        80         10          0          4          0       2358   lib_math.o
      2380         38          0          4      23624      25052   lib_mem.o
       544          0          0          0          0        440   lib_mem_a.o
      1448          6        148          0          0      12748   lib_str.o
        92         22          0          0        512       1180   main.o
       176         12          0          0          0       2057   misc.o
       660         68          0          0          0       2488   mpu6050.o
         2          0         85          0       4936      19256   os_cfg_app_1.o
      2280        190          0          0          0      11751   os_core_1.o
       152         32          0          0          0        344   os_cpu_a.o
       364         60          0          4          0       3541   os_cpu_c.o
         2          0          0          0          0        934   os_dbg_1.o
      1632         70          0          0          0       7933   os_flag_1.o
       340         16          0          0          0       2744   os_mem_1.o
       384         14          0          0          0       3018   os_msg_1.o
      1404         80          0          0          0       5804   os_mutex_1.o
       112          6          0          8          0       2024   os_prio_1.o
      1300         52          0          0          0       6470   os_q_1.o
      1216         58          0          0          0       6442   os_sem_1.o
       948        124          0          0          0       3009   os_stat_1.o
      3084        150          0          0          0      13878   os_task_1.o
       796         74          0          0          0       3763   os_tick_1.o
       676         46          0          0          0       3337   os_time_1.o
      1604        124          0          0          0       6958   os_tmr_1.o
         0          0          0        139       1548      17707   os_var_1.o
       160          8          0          0          0        821   pwm.o
      3672         30          0          1        480      22247   serial.o
       580         32         20         36          0      18490   serial_bsp_stm3240x.o
       380          0          0          0          0       4848   serial_buf.o
       488          0         40          0          0       4722   serial_drv_stm32.o
        60          0         16          0          0       2002   serial_line_dflt.o
       308          8         16          4          0       3355   serial_line_tty.o
       284          8          0          0         72       2271   serial_os.o
       912         20          0          0          0       7511   stm32f4xx_flash.o
       492         36          0          0          0       4557   stm32f4xx_gpio.o
       828         20          0          0          0       8839   stm32f4xx_i2c.o
       976         36          0         16          0      11551   stm32f4xx_rcc.o
      2524         52          0          0          0      24106   stm32f4xx_tim.o
       824         24          0          0          0       8368   stm32f4xx_usart.o
       292         16          0          6        200       3442   usart.o

    ----------------------------------------------------------------------
     39276       2224       1016        252      34276     651736   Object Totals
         0          0         32          0          0          0   (incl. Generated)
         6          0         11         25          0          0   (incl. Padding)

    ----------------------------------------------------------------------

      Code (inc. data)   RO Data    RW Data    ZI Data      Debug   Library Member Name

         0          0          0          0          0          0   entry.o
         0          0          0          0          0          0   entry10a.o
         0          0          0          0          0          0   entry11a.o
         8          4          0          0          0          0   entry2.o
         4          0          0          0          0          0   entry5.o
         0          0          0          0          0          0   entry7b.o
         0          0          0          0          0          0   entry8b.o
         8          4          0          0          0          0   entry9a.o
        30          0          0          0          0          0   handlers.o
        36          8          0          0          0         68   init.o
         0          0          0          0          0          0   iusefp.o
        30          0          0          0          0         68   llshl.o
        36          0          0          0          0         68   llsshr.o
        32          0          0          0          0         68   llushr.o
       372         14          0          0          0        184   printf1.o
      2240         86          0          0          0        508   printfa.o
        44          0          0          0          0         80   uidiv.o
        98          0          0          0          0         92   uldiv.o
        48          0          0          0          0         68   cdrcmple.o
       334          0          0          0          0        148   dadd.o
       222          0          0          0          0        100   ddiv.o
       186          0          0          0          0        176   depilogue.o
        48          0          0          0          0         68   dfixul.o
       228          0          0          0          0         96   dmul.o

    ----------------------------------------------------------------------
      4008        116          0          0          0       1792   Library Totals
         4          0          0          0          0          0   (incl. Padding)

    ----------------------------------------------------------------------

      Code (inc. data)   RO Data    RW Data    ZI Data      Debug   Library Name

      2938        116          0          0          0       1136   mc_w.l
      1066          0          0          0          0        656   mf_w.l

    ----------------------------------------------------------------------
      4008        116          0          0          0       1792   Library Totals

    ----------------------------------------------------------------------

==============================================================================


      Code (inc. data)   RO Data    RW Data    ZI Data      Debug   

     43284       2340       1016        252      34276     641796   Grand Totals
     43284       2340       1016        252      34276     641796   ELF Image Totals
     43284       2340       1016        252          0          0   ROM Totals

==============================================================================

    Total RO  Size (Code + RO Data)                44300 (  43.26kB)
    Total RW  Size (RW Data + ZI Data)             34528 (  33.72kB)
    Total ROM Size (Code + RO Data + RW Data)      44552 (  43.51kB)

==============================================================================

